Archive member included to satisfy reference by file (symbol)

/Applications/VEXcode Pro V5.app/Contents/Resources/sdk/vexv5/libv5rt.a(v5_startup.c.obj)
                              (vexStartup)
/Applications/VEXcode Pro V5.app/Contents/Resources/sdk/vexv5/libv5rt.a(v5_util.c.obj)
                              /Applications/VEXcode Pro V5.app/Contents/Resources/sdk/vexv5/libv5rt.a(v5_startup.c.obj) (vexStdlibVersionLinked)
/Applications/VEXcode Pro V5.app/Contents/Resources/sdk/vexv5/libv5rt.a(v5_apijump.c.obj)
                              /Applications/VEXcode Pro V5.app/Contents/Resources/sdk/vexv5/libv5rt.a(v5_startup.c.obj) (vexPrivateApiEnable)
/Applications/VEXcode Pro V5.app/Contents/Resources/sdk/vexv5/libv5rt.a(v5_apiversions.c.obj)
                              /Applications/VEXcode Pro V5.app/Contents/Resources/sdk/vexv5/libv5rt.a(v5_apijump.c.obj) (vexSystemVersion)
/Applications/VEXcode Pro V5.app/Contents/Resources/sdk/vexv5/libv5rt.a(vex_global.cpp.obj)
                              build/src/autonomous.o (vex::wait(double, vex::timeUnits))
/Applications/VEXcode Pro V5.app/Contents/Resources/sdk/vexv5/libv5rt.a(vex_motor.cpp.obj)
                              build/src/robot-config.o (vex::motor::~motor())
/Applications/VEXcode Pro V5.app/Contents/Resources/sdk/vexv5/libv5rt.a(vex_vision.cpp.obj)
                              build/src/robot-config.o (vex::vision::~vision())
/Applications/VEXcode Pro V5.app/Contents/Resources/sdk/vexv5/libv5rt.a(vex_imu.cpp.obj)
                              build/src/robot-config.o (vex::inertial::~inertial())
/Applications/VEXcode Pro V5.app/Contents/Resources/sdk/vexv5/libv5rt.a(vex_distance.cpp.obj)
                              build/src/robot-config.o (vex::distance::~distance())
/Applications/VEXcode Pro V5.app/Contents/Resources/sdk/vexv5/libv5rt.a(vex_controller.cpp.obj)
                              build/src/helperfunctions.o (vex::controller::~controller())
/Applications/VEXcode Pro V5.app/Contents/Resources/sdk/vexv5/libv5rt.a(vex_task.cpp.obj)
                              build/src/main.o (vex::task::sleep(unsigned long))
/Applications/VEXcode Pro V5.app/Contents/Resources/sdk/vexv5/libv5rt.a(vex_thread.cpp.obj)
                              build/src/autonomous.o (vex::thread::thread(int (*)()))
/Applications/VEXcode Pro V5.app/Contents/Resources/sdk/vexv5/libv5rt.a(vex_event.cpp.obj)
                              /Applications/VEXcode Pro V5.app/Contents/Resources/sdk/vexv5/libv5rt.a(vex_imu.cpp.obj) (vex::event::init(unsigned long, unsigned long, void (*)()))
/Applications/VEXcode Pro V5.app/Contents/Resources/sdk/vexv5/libv5rt.a(vex_mevent.cpp.obj)
                              /Applications/VEXcode Pro V5.app/Contents/Resources/sdk/vexv5/libv5rt.a(vex_controller.cpp.obj) (vex::mevent::mevent(unsigned long, unsigned long))
/Applications/VEXcode Pro V5.app/Contents/Resources/sdk/vexv5/libv5rt.a(vex_brain.cpp.obj)
                              build/src/helperfunctions.o (vex::brain::timer(vex::timeUnits))
/Applications/VEXcode Pro V5.app/Contents/Resources/sdk/vexv5/libv5rt.a(vex_competition.cpp.obj)
                              build/src/main.o (vex::competition::competition())
/Applications/VEXcode Pro V5.app/Contents/Resources/sdk/vexv5/libv5rt.a(vex_triport.cpp.obj)
                              /Applications/VEXcode Pro V5.app/Contents/Resources/sdk/vexv5/libv5rt.a(vex_brain.cpp.obj) (vex::triport::~triport())
/Applications/VEXcode Pro V5.app/Contents/Resources/sdk/vexv5/libv5rt.a(vex_color.cpp.obj)
                              /Applications/VEXcode Pro V5.app/Contents/Resources/sdk/vexv5/libv5rt.a(vex_brain.cpp.obj) (vex::color::operator unsigned long() const)
/Applications/VEXcode Pro V5.app/Contents/Resources/sdk/vexv5/libv5rt.a(vex_timer.cpp.obj)
                              /Applications/VEXcode Pro V5.app/Contents/Resources/sdk/vexv5/libv5rt.a(vex_brain.cpp.obj) (vex::timer::~timer())
/Applications/VEXcode Pro V5.app/Contents/Resources/sdk/vexv5/libv5rt.a(v5_apiuser.c.obj)
                              /Applications/VEXcode Pro V5.app/Contents/Resources/sdk/vexv5/libv5rt.a(vex_triport.cpp.obj) (vexAdiPortConfigSet)
/Applications/VEXcode Pro V5.app/Contents/Resources/sdk/vexv5/libv5rt.a(vex_device.cpp.obj)
                              /Applications/VEXcode Pro V5.app/Contents/Resources/sdk/vexv5/libv5rt.a(vex_motor.cpp.obj) (vex::device::~device())
/Applications/VEXcode Pro V5.app/Contents/Resources/sdk/vexv5/gcc/libs/libstdc++.a(new_handler.o)
                              build/src/helperfunctions.o (std::nothrow)
/Applications/VEXcode Pro V5.app/Contents/Resources/sdk/vexv5/gcc/libs/libc.a(lib_a-aeabi_memcpy.o)
                              build/src/autonomous.o (__aeabi_memcpy4)
/Applications/VEXcode Pro V5.app/Contents/Resources/sdk/vexv5/gcc/libs/libc.a(lib_a-aeabi_memmove-soft.o)
                              build/src/helperfunctions.o (__aeabi_memmove8)
[...]
Memory Configuration

Name             Origin             Length             Attributes
ps7_ddr_0_S_AXI_BASEADDR 0x0000000003800000 0x0000000004800000
*default*        0x0000000000000000 0xffffffffffffffff

Linker script and memory map

                0x0000000000002000                _STACK_SIZE = DEFINED (_STACK_SIZE)?_STACK_SIZE:0x2000
                0x0000000000100000                _HEAP_SIZE = DEFINED (_HEAP_SIZE)?_HEAP_SIZE:0x100000
                0x0000000000000400                _ABORT_STACK_SIZE = DEFINED (_ABORT_STACK_SIZE)?_ABORT_STACK_SIZE:0x400
                0x0000000000000800                _SUPERVISOR_STACK_SIZE = DEFINED (_SUPERVISOR_STACK_SIZE)?_SUPERVISOR_STACK_SIZE:0x800
                0x0000000000000400                _IRQ_STACK_SIZE = DEFINED (_IRQ_STACK_SIZE)?_IRQ_STACK_SIZE:0x400
                0x0000000000000400                _FIQ_STACK_SIZE = DEFINED (_FIQ_STACK_SIZE)?_FIQ_STACK_SIZE:0x400
                0x0000000000000400                _UNDEF_STACK_SIZE = DEFINED (_UNDEF_STACK_SIZE)?_UNDEF_STACK_SIZE:0x400

.text           0x0000000003800000     0x7080
 *(.vectors)
 *(.boot_data)
 .boot_data     0x0000000003800000       0x20 /Applications/VEXcode Pro V5.app/Contents/Resources/sdk/vexv5/libv5rt.a(v5_startup.c.obj)
                0x0000000003800000                vexCodeSig
                0x0000000000000020                . = 0x20
 *(.boot)
 .boot          0x0000000003800020       0xbc /Applications/VEXcode Pro V5.app/Contents/Resources/sdk/vexv5/libv5rt.a(v5_startup.c.obj)
                0x0000000003800020                vexStartup
                0x0000000003800100                . = ALIGN (0x40)
 *fill*         0x00000000038000dc       0x24 
 *(.freertos_vectors)
 *(.text)
 *(.text.*)
 .text._Z13startSequencev
                0x0000000003800100       0x38 build/src/autonomous.o
                0x0000000003800100                startSequence()
 .text._Z16RunAutonomous60sv
                0x0000000003800138      0x640 build/src/autonomous.o
                0x0000000003800138                RunAutonomous60s()
 .text._Z10autonomousv
                0x0000000003800778        0x4 build/src/autonomous.o
                0x0000000003800778                autonomous()
 *fill*         0x000000000380077c        0x4 
 .text._Z24getTraveltimeForDistanceii
                0x0000000003800780       0xe0 build/src/helperfunctions.o
                0x0000000003800780                getTraveltimeForDistance(int, int)
 .text._Z14stopDriveTrainN3vex9brakeTypeE
                0x0000000003800860       0x90 build/src/helperfunctions.o
                0x0000000003800860                stopDriveTrain(vex::brakeType)
 .text._Z9turnRobotN3vex13directionTypeEi
                0x00000000038008f0       0x98 build/src/helperfunctions.o
                0x00000000038008f0                turnRobot(vex::directionType, int)
 .text._Z16turnRobotToAngleiii
                0x0000000003800988       0xa0 build/src/helperfunctions.o
                0x0000000003800988                turnRobotToAngle(int, int, int)
 .text._Z17driveRobotForwardN3vex13directionTypeEi
                0x0000000003800a28       0xa8 build/src/helperfunctions.o
                0x0000000003800a28                driveRobotForward(vex::directionType, int)
 .text._Z18driveRobotSidewaysN3vex13directionTypeEi
                0x0000000003800ad0       0xa8 build/src/helperfunctions.o
                0x0000000003800ad0                driveRobotSideways(vex::directionType, int)
 .text._Z13driveRobotForiN3vex13directionTypeEi
                0x0000000003800b78      0x124 build/src/helperfunctions.o
                0x0000000003800b78                driveRobotFor(int, vex::directionType, int)
 .text._Z8toStringIdESsT_
                0x0000000003800c9c       0x50 build/src/helperfunctions.o
                0x0000000003800c9c                std::string toString<double>(double)
 *fill*         0x0000000003800cec        0x4 
 .text._Z23driveFrontUntilDistanceiiN3vex13distanceUnitsEi
                0x0000000003800cf0      0x110 build/src/helperfunctions.o
                0x0000000003800cf0                driveFrontUntilDistance(int, int, vex::distanceUnits, int)
 .text._Z22driveRearUntilDistanceiiN3vex13distanceUnitsE
                0x0000000003800e00       0xc0 build/src/helperfunctions.o
                0x0000000003800e00                driveRearUntilDistance(int, int, vex::distanceUnits)
 .text._Z23driveRightUntilDistanceiiN3vex13distanceUnitsE
                0x0000000003800ec0       0xdc build/src/helperfunctions.o
                0x0000000003800ec0                driveRightUntilDistance(int, int, vex::distanceUnits)
 .text._Z22driveLeftUntilDistanceiiN3vex13distanceUnitsE
                0x0000000003800f9c       0xc0 build/src/helperfunctions.o
                0x0000000003800f9c                driveLeftUntilDistance(int, int, vex::distanceUnits)
 *fill*         0x000000000380105c        0x4 
 .text._Z14filterMoveOpenv
                0x0000000003801060       0x70 build/src/helperfunctions.o
                0x0000000003801060                filterMoveOpen()
 .text._Z16filterMoveClosedv
                0x00000000038010d0       0x4c build/src/helperfunctions.o
                0x00000000038010d0                filterMoveClosed()
 *fill*         0x000000000380111c        0x4 
 .text._Z12centerOnBallN3vex6vision9signatureESsii
                0x0000000003801120      0x170 build/src/helperfunctions.o
                0x0000000003801120                centerOnBall(vex::vision::signature, std::string, int, int)
 .text._Z29approachBallUntilWidthReachedN3vex6vision9signatureEiii
                0x0000000003801290      0x140 build/src/helperfunctions.o
                0x0000000003801290                approachBallUntilWidthReached(vex::vision::signature, int, int, int)
 .text._Z10followBallN3vex6vision9signatureE
                0x00000000038013d0      0x130 build/src/helperfunctions.o
                0x00000000038013d0                followBall(vex::vision::signature)
 .text._Z16releaseUpperRailv
                0x0000000003801500       0x50 build/src/helperfunctions.o
                0x0000000003801500                releaseUpperRail()
 .text._Z29intakeBallUntilFilterPositionv
                0x0000000003801550       0xf8 build/src/helperfunctions.o
                0x0000000003801550                intakeBallUntilFilterPosition()
 .text._Z25getBallInShootingPositionbb
                0x0000000003801648      0x190 build/src/helperfunctions.o
                0x0000000003801648                getBallInShootingPosition(bool, bool)
 .text._Z25getBallInShootingPositionv
                0x00000000038017d8        0xc build/src/helperfunctions.o
                0x00000000038017d8                getBallInShootingPosition()
 *fill*         0x00000000038017e4        0x4 
 .text._Z20calibrateFilterMotorv
                0x00000000038017e8       0xb0 build/src/helperfunctions.o
                0x00000000038017e8                calibrateFilterMotor()
 .text._Z34drawDetectedBallsWithVisionSensorsv
                0x0000000003801898      0x564 build/src/helperfunctions.o
                0x0000000003801898                drawDetectedBallsWithVisionSensors()
 *fill*         0x0000000003801dfc        0x4 
 .text._Z42drawDetectedBallsWithVisionSensorsInfinitev
                0x0000000003801e00       0x28 build/src/helperfunctions.o
                0x0000000003801e00                drawDetectedBallsWithVisionSensorsInfinite()
 .text._Z22determineAllianceColorv
                0x0000000003801e28      0x308 build/src/helperfunctions.o
                0x0000000003801e28                determineAllianceColor()
 .text._Z17checkBallInFilterv
                0x0000000003802130       0xd8 build/src/helperfunctions.o
                0x0000000003802130                checkBallInFilter()
 .text._Z20ballInFilterReleasedv
                0x0000000003802208        0x4 build/src/helperfunctions.o
                0x0000000003802208                ballInFilterReleased()
 .text._GLOBAL__sub_I_helperfunctions.cpp
                0x000000000380220c       0x34 build/src/helperfunctions.o
 .text.main     0x0000000003802240      0x16c build/src/main.o
                0x0000000003802240                main
 .text._GLOBAL__sub_I_main.cpp
                0x00000000038023ac       0x34 build/src/main.o
 .text._ZN3vex6visionC2IJNS0_9signatureES2_S2_S2_EEElhDpRT_
                0x00000000038023e0       0x58 build/src/robot-config.o
                0x00000000038023e0                vex::vision::vision<vex::vision::signature, vex::vision::signature, vex::vision::signature, vex::vision::signature>(long, unsigned char, vex::vision::signature&, vex::vision::signature&, vex::vision::signature&, vex::vision::signature&)
 .text._ZN3vex6visionC2IJNS0_9signatureES2_EEElhDpRT_
                0x0000000003802438       0x40 build/src/robot-config.o
                0x0000000003802438                vex::vision::vision<vex::vision::signature, vex::vision::signature>(long, unsigned char, vex::vision::signature&, vex::vision::signature&)
 .text._Z11vexcodeInitv
                0x0000000003802478      0x170 build/src/robot-config.o
                0x0000000003802478                vexcodeInit()
 .text._GLOBAL__sub_I_robot_config.cpp
                0x00000000038025e8      0x6f4 build/src/robot-config.o
 *fill*         0x0000000003802cdc        0x4 
 .text._Z11usercontrolv
                0x0000000003802ce0      0x420 build/src/usercontrol.o
                0x0000000003802ce0                usercontrol()
 .text.vexMain  0x0000000003803100       0xb0 /Applications/VEXcode Pro V5.app/Contents/Resources/sdk/vexv5/libv5rt.a(v5_startup.c.obj)
                0x0000000003803100                vexMain
 .text.__vex_function_prolog
                0x00000000038031b0       0x18 /Applications/VEXcode Pro V5.app/Contents/Resources/sdk/vexv5/libv5rt.a(v5_startup.c.obj)
                0x00000000038031b0                __vex_function_prolog
 .text._init    0x00000000038031c8        0x4 /Applications/VEXcode Pro V5.app/Contents/Resources/sdk/vexv5/libv5rt.a(v5_startup.c.obj)
                0x00000000038031c8                _init
 .text._fini    0x00000000038031cc        0x4 /Applications/VEXcode Pro V5.app/Contents/Resources/sdk/vexv5/libv5rt.a(v5_startup.c.obj)
                0x00000000038031cc                _fini
 .text.vexStdlibVersionLinked
                0x00000000038031d0        0xc /Applications/VEXcode Pro V5.app/Contents/Resources/sdk/vexv5/libv5rt.a(v5_util.c.obj)
                0x00000000038031d0                vexStdlibVersionLinked
 .text.vexStdlibVersionVerify
                0x00000000038031dc       0x30 /Applications/VEXcode Pro V5.app/Contents/Resources/sdk/vexv5/libv5rt.a(v5_util.c.obj)
                0x00000000038031dc                vexStdlibVersionVerify
 .text.vexPrivateApiEnable
                0x000000000380320c       0x10 /Applications/VEXcode Pro V5.app/Contents/Resources/sdk/vexv5/libv5rt.a(v5_apijump.c.obj)
                0x000000000380320c                vexPrivateApiEnable
 .text.vexStdlibMismatchError
                0x000000000380321c       0x3c /Applications/VEXcode Pro V5.app/Contents/Resources/sdk/vexv5/libv5rt.a(v5_apijump.c.obj)
                0x000000000380321c                vexStdlibMismatchError
 .text.vexTaskAdd
                0x0000000003803258       0x10 /Applications/VEXcode Pro V5.app/Contents/Resources/sdk/vexv5/libv5rt.a(v5_apijump.c.obj)
                0x0000000003803258                vexTaskAdd
 .text.vexTasksRun
                0x0000000003803268       0x10 /Applications/VEXcode Pro V5.app/Contents/Resources/sdk/vexv5/libv5rt.a(v5_apijump.c.obj)
                0x0000000003803268                vexTasksRun
 .text.vexTaskYield
                0x0000000003803278       0x10 /Applications/VEXcode Pro V5.app/Contents/Resources/sdk/vexv5/libv5rt.a(v5_apijump.c.obj)
                0x0000000003803278                vexTaskYield
 .text.vexTaskCheckTimeslice
                0x0000000003803288       0x10 /Applications/VEXcode Pro V5.app/Contents/Resources/sdk/vexv5/libv5rt.a(v5_apijump.c.obj)
                0x0000000003803288                vexTaskCheckTimeslice
 .text.vexTaskSleep
                0x0000000003803298       0x10 /Applications/VEXcode Pro V5.app/Contents/Resources/sdk/vexv5/libv5rt.a(v5_apijump.c.obj)
                0x0000000003803298                vexTaskSleep
 .text.vexTasksDump
                0x00000000038032a8       0x1c /Applications/VEXcode Pro V5.app/Contents/Resources/sdk/vexv5/libv5rt.a(v5_apijump.c.obj)
                0x00000000038032a8                vexTasksDump
 .text.vexTaskGetTaskIndex
                0x00000000038032c4       0x10 /Applications/VEXcode Pro V5.app/Contents/Resources/sdk/vexv5/libv5rt.a(v5_apijump.c.obj)
                0x00000000038032c4                vexTaskGetTaskIndex
 .text.vexTaskStopAll
                0x00000000038032d4       0x10 /Applications/VEXcode Pro V5.app/Contents/Resources/sdk/vexv5/libv5rt.a(v5_apijump.c.obj)
                0x00000000038032d4                vexTaskStopAll
 .text.vexTaskRemoveAllUser
                0x00000000038032e4       0x34 /Applications/VEXcode Pro V5.app/Contents/Resources/sdk/vexv5/libv5rt.a(v5_apijump.c.obj)
                0x00000000038032e4                vexTaskRemoveAllUser
 .text.vexTaskCompletionIdSet
                0x0000000003803318       0x10 /Applications/VEXcode Pro V5.app/Contents/Resources/sdk/vexv5/libv5rt.a(v5_apijump.c.obj)
                0x0000000003803318                vexTaskCompletionIdSet
 .text.vexTaskStopWithId
                0x0000000003803328       0x10 /Applications/VEXcode Pro V5.app/Contents/Resources/sdk/vexv5/libv5rt.a(v5_apijump.c.obj)
                0x0000000003803328                vexTaskStopWithId
 .text.vexCriticalSection
                0x0000000003803338       0x2c /Applications/VEXcode Pro V5.app/Contents/Resources/sdk/vexv5/libv5rt.a(v5_apijump.c.obj)
                0x0000000003803338                vexCriticalSection
 .text.vexEventAdd
                0x0000000003803364       0x34 /Applications/VEXcode Pro V5.app/Contents/Resources/sdk/vexv5/libv5rt.a(v5_apijump.c.obj)
                0x0000000003803364                vexEventAdd
 .text.vexEventUserIndexGet
                0x0000000003803398       0x1c /Applications/VEXcode Pro V5.app/Contents/Resources/sdk/vexv5/libv5rt.a(v5_apijump.c.obj)
                0x0000000003803398                vexEventUserIndexGet
 .text.vexEventAddWithArg
                0x00000000038033b4       0x3c /Applications/VEXcode Pro V5.app/Contents/Resources/sdk/vexv5/libv5rt.a(v5_apijump.c.obj)
                0x00000000038033b4                vexEventAddWithArg
 .text.vexEventsCleanup
                0x00000000038033f0       0x2c /Applications/VEXcode Pro V5.app/Contents/Resources/sdk/vexv5/libv5rt.a(v5_apijump.c.obj)
                0x00000000038033f0                vexEventsCleanup
 .text.vexDebug
                0x000000000380341c       0x38 /Applications/VEXcode Pro V5.app/Contents/Resources/sdk/vexv5/libv5rt.a(v5_apijump.c.obj)
                0x000000000380341c                vexDebug
 .text.vex_sprintf
                0x0000000003803454       0x40 /Applications/VEXcode Pro V5.app/Contents/Resources/sdk/vexv5/libv5rt.a(v5_apijump.c.obj)
                0x0000000003803454                vex_sprintf
 .text.vex_vsnprintf
                0x0000000003803494       0x3c /Applications/VEXcode Pro V5.app/Contents/Resources/sdk/vexv5/libv5rt.a(v5_apijump.c.obj)
                0x0000000003803494                vex_vsnprintf
 .text.vexSystemTimeGet
                0x00000000038034d0       0x1c /Applications/VEXcode Pro V5.app/Contents/Resources/sdk/vexv5/libv5rt.a(v5_apijump.c.obj)
                0x00000000038034d0                vexSystemTimeGet
 .text.vexSystemExitRequest
                0x00000000038034ec       0x1c /Applications/VEXcode Pro V5.app/Contents/Resources/sdk/vexv5/libv5rt.a(v5_apijump.c.obj)
                0x00000000038034ec                vexSystemExitRequest
 .text.vexDeviceGetByIndex
                0x0000000003803508       0x24 /Applications/VEXcode Pro V5.app/Contents/Resources/sdk/vexv5/libv5rt.a(v5_apijump.c.obj)
                0x0000000003803508                vexDeviceGetByIndex
 .text.vexControllerGet
                0x000000000380352c       0x2c /Applications/VEXcode Pro V5.app/Contents/Resources/sdk/vexv5/libv5rt.a(v5_apijump.c.obj)
                0x000000000380352c                vexControllerGet
 .text.vexControllerTextSet
                0x0000000003803558       0x74 /Applications/VEXcode Pro V5.app/Contents/Resources/sdk/vexv5/libv5rt.a(v5_apijump.c.obj)
                0x0000000003803558                vexControllerTextSet
 .text.vexDeviceAdiPortConfigSet
                0x00000000038035cc       0x34 /Applications/VEXcode Pro V5.app/Contents/Resources/sdk/vexv5/libv5rt.a(v5_apijump.c.obj)
                0x00000000038035cc                vexDeviceAdiPortConfigSet
 .text.vexDeviceAdiPortConfigGet
                0x0000000003803600       0x2c /Applications/VEXcode Pro V5.app/Contents/Resources/sdk/vexv5/libv5rt.a(v5_apijump.c.obj)
                0x0000000003803600                vexDeviceAdiPortConfigGet
 .text.vexDeviceAdiValueGet
                0x000000000380362c       0x2c /Applications/VEXcode Pro V5.app/Contents/Resources/sdk/vexv5/libv5rt.a(v5_apijump.c.obj)
                0x000000000380362c                vexDeviceAdiValueGet
 .text.vexDeviceMotorVelocitySet
                0x0000000003803658       0x2c /Applications/VEXcode Pro V5.app/Contents/Resources/sdk/vexv5/libv5rt.a(v5_apijump.c.obj)
                0x0000000003803658                vexDeviceMotorVelocitySet
 .text.vexDeviceMotorActualVelocityGet
                0x0000000003803684       0x24 /Applications/VEXcode Pro V5.app/Contents/Resources/sdk/vexv5/libv5rt.a(v5_apijump.c.obj)
                0x0000000003803684                vexDeviceMotorActualVelocityGet
 .text.vexDeviceMotorTorqueGet
                0x00000000038036a8       0x24 /Applications/VEXcode Pro V5.app/Contents/Resources/sdk/vexv5/libv5rt.a(v5_apijump.c.obj)
                0x00000000038036a8                vexDeviceMotorTorqueGet
 .text.vexDeviceMotorZeroPositionFlagGet
                0x00000000038036cc       0x24 /Applications/VEXcode Pro V5.app/Contents/Resources/sdk/vexv5/libv5rt.a(v5_apijump.c.obj)
                0x00000000038036cc                vexDeviceMotorZeroPositionFlagGet
 .text.vexDeviceMotorReverseFlagSet
                0x00000000038036f0       0x2c /Applications/VEXcode Pro V5.app/Contents/Resources/sdk/vexv5/libv5rt.a(v5_apijump.c.obj)
                0x00000000038036f0                vexDeviceMotorReverseFlagSet
 .text.vexDeviceMotorEncoderUnitsSet
                0x000000000380371c       0x2c /Applications/VEXcode Pro V5.app/Contents/Resources/sdk/vexv5/libv5rt.a(v5_apijump.c.obj)
                0x000000000380371c                vexDeviceMotorEncoderUnitsSet
 .text.vexDeviceMotorBrakeModeSet
                0x0000000003803748       0x2c /Applications/VEXcode Pro V5.app/Contents/Resources/sdk/vexv5/libv5rt.a(v5_apijump.c.obj)
                0x0000000003803748                vexDeviceMotorBrakeModeSet
 .text.vexDeviceMotorPositionSet
                0x0000000003803774       0x34 /Applications/VEXcode Pro V5.app/Contents/Resources/sdk/vexv5/libv5rt.a(v5_apijump.c.obj)
                0x0000000003803774                vexDeviceMotorPositionSet
 .text.vexDeviceMotorAbsoluteTargetSet
                0x00000000038037a8       0x3c /Applications/VEXcode Pro V5.app/Contents/Resources/sdk/vexv5/libv5rt.a(v5_apijump.c.obj)
                0x00000000038037a8                vexDeviceMotorAbsoluteTargetSet
 .text.vexDeviceMotorRelativeTargetSet
                0x00000000038037e4       0x3c /Applications/VEXcode Pro V5.app/Contents/Resources/sdk/vexv5/libv5rt.a(v5_apijump.c.obj)
                0x00000000038037e4                vexDeviceMotorRelativeTargetSet
 .text.vexDeviceMotorGearingSet
                0x0000000003803820       0x2c /Applications/VEXcode Pro V5.app/Contents/Resources/sdk/vexv5/libv5rt.a(v5_apijump.c.obj)
                0x0000000003803820                vexDeviceMotorGearingSet
 .text.vexDeviceMotorGearingGet
                0x000000000380384c       0x24 /Applications/VEXcode Pro V5.app/Contents/Resources/sdk/vexv5/libv5rt.a(v5_apijump.c.obj)
                0x000000000380384c                vexDeviceMotorGearingGet
 .text.vexDeviceVisionModeSet
                0x0000000003803870       0x2c /Applications/VEXcode Pro V5.app/Contents/Resources/sdk/vexv5/libv5rt.a(v5_apijump.c.obj)
                0x0000000003803870                vexDeviceVisionModeSet
 .text.vexDeviceVisionObjectCountGet
                0x000000000380389c       0x24 /Applications/VEXcode Pro V5.app/Contents/Resources/sdk/vexv5/libv5rt.a(v5_apijump.c.obj)
                0x000000000380389c                vexDeviceVisionObjectCountGet
 .text.vexDeviceVisionObjectGet
                0x00000000038038c0       0x34 /Applications/VEXcode Pro V5.app/Contents/Resources/sdk/vexv5/libv5rt.a(v5_apijump.c.obj)
                0x00000000038038c0                vexDeviceVisionObjectGet
 .text.vexDeviceVisionSignatureSet
                0x00000000038038f4       0x2c /Applications/VEXcode Pro V5.app/Contents/Resources/sdk/vexv5/libv5rt.a(v5_apijump.c.obj)
                0x00000000038038f4                vexDeviceVisionSignatureSet
 .text.vexDeviceVisionBrightnessSet
                0x0000000003803920       0x2c /Applications/VEXcode Pro V5.app/Contents/Resources/sdk/vexv5/libv5rt.a(v5_apijump.c.obj)
                0x0000000003803920                vexDeviceVisionBrightnessSet
 .text.vexDeviceVisionLedModeSet
                0x000000000380394c       0x2c /Applications/VEXcode Pro V5.app/Contents/Resources/sdk/vexv5/libv5rt.a(v5_apijump.c.obj)
                0x000000000380394c                vexDeviceVisionLedModeSet
 .text.vexDeviceVisionLedColorSet
                0x0000000003803978       0x30 /Applications/VEXcode Pro V5.app/Contents/Resources/sdk/vexv5/libv5rt.a(v5_apijump.c.obj)
                0x0000000003803978                vexDeviceVisionLedColorSet
 .text.vexDeviceImuReset
                0x00000000038039a8       0x24 /Applications/VEXcode Pro V5.app/Contents/Resources/sdk/vexv5/libv5rt.a(v5_apijump.c.obj)
                0x00000000038039a8                vexDeviceImuReset
 .text.vexDeviceImuHeadingGet
                0x00000000038039cc       0x24 /Applications/VEXcode Pro V5.app/Contents/Resources/sdk/vexv5/libv5rt.a(v5_apijump.c.obj)
                0x00000000038039cc                vexDeviceImuHeadingGet
 .text.vexDeviceImuDegreesGet
                0x00000000038039f0       0x24 /Applications/VEXcode Pro V5.app/Contents/Resources/sdk/vexv5/libv5rt.a(v5_apijump.c.obj)
                0x00000000038039f0                vexDeviceImuDegreesGet
 .text.vexDeviceImuStatusGet
                0x0000000003803a14       0x24 /Applications/VEXcode Pro V5.app/Contents/Resources/sdk/vexv5/libv5rt.a(v5_apijump.c.obj)
                0x0000000003803a14                vexDeviceImuStatusGet
 .text.vexDeviceDistanceDistanceGet
                0x0000000003803a38       0x24 /Applications/VEXcode Pro V5.app/Contents/Resources/sdk/vexv5/libv5rt.a(v5_apijump.c.obj)
                0x0000000003803a38                vexDeviceDistanceDistanceGet
 .text.vexDisplayForegroundColor
                0x0000000003803a5c       0x24 /Applications/VEXcode Pro V5.app/Contents/Resources/sdk/vexv5/libv5rt.a(v5_apijump.c.obj)
                0x0000000003803a5c                vexDisplayForegroundColor
 .text.vexDisplayBackgroundColor
                0x0000000003803a80       0x24 /Applications/VEXcode Pro V5.app/Contents/Resources/sdk/vexv5/libv5rt.a(v5_apijump.c.obj)
                0x0000000003803a80                vexDisplayBackgroundColor
 .text.vexDisplayBackgroundColorGet
                0x0000000003803aa4       0x1c /Applications/VEXcode Pro V5.app/Contents/Resources/sdk/vexv5/libv5rt.a(v5_apijump.c.obj)
                0x0000000003803aa4                vexDisplayBackgroundColorGet
 .text.vexDisplayPixelSet
                0x0000000003803ac0       0x38 /Applications/VEXcode Pro V5.app/Contents/Resources/sdk/vexv5/libv5rt.a(v5_apijump.c.obj)
                0x0000000003803ac0                vexDisplayPixelSet
 .text.vexDisplayLineDraw
                0x0000000003803af8       0x4c /Applications/VEXcode Pro V5.app/Contents/Resources/sdk/vexv5/libv5rt.a(v5_apijump.c.obj)
                0x0000000003803af8                vexDisplayLineDraw
 .text.vexDisplayRectDraw
                0x0000000003803b44       0x4c /Applications/VEXcode Pro V5.app/Contents/Resources/sdk/vexv5/libv5rt.a(v5_apijump.c.obj)
                0x0000000003803b44                vexDisplayRectDraw
 .text.vexDisplayRectClear
                0x0000000003803b90       0x4c /Applications/VEXcode Pro V5.app/Contents/Resources/sdk/vexv5/libv5rt.a(v5_apijump.c.obj)
                0x0000000003803b90                vexDisplayRectClear
 .text.vexDisplayCircleDraw
                0x0000000003803bdc       0x40 /Applications/VEXcode Pro V5.app/Contents/Resources/sdk/vexv5/libv5rt.a(v5_apijump.c.obj)
                0x0000000003803bdc                vexDisplayCircleDraw
 .text.vexDisplayCircleClear
                0x0000000003803c1c       0x40 /Applications/VEXcode Pro V5.app/Contents/Resources/sdk/vexv5/libv5rt.a(v5_apijump.c.obj)
                0x0000000003803c1c                vexDisplayCircleClear
 .text.vexDisplayPrintf
                0x0000000003803c5c       0x68 /Applications/VEXcode Pro V5.app/Contents/Resources/sdk/vexv5/libv5rt.a(v5_apijump.c.obj)
                0x0000000003803c5c                vexDisplayPrintf
 .text.vexDisplayTextReference
                0x0000000003803cc4       0x24 /Applications/VEXcode Pro V5.app/Contents/Resources/sdk/vexv5/libv5rt.a(v5_apijump.c.obj)
                0x0000000003803cc4                vexDisplayTextReference
 .text.vexDisplayTextSize
                0x0000000003803ce8       0x2c /Applications/VEXcode Pro V5.app/Contents/Resources/sdk/vexv5/libv5rt.a(v5_apijump.c.obj)
                0x0000000003803ce8                vexDisplayTextSize
 .text.vexDisplayFontNamedSet
                0x0000000003803d14       0x24 /Applications/VEXcode Pro V5.app/Contents/Resources/sdk/vexv5/libv5rt.a(v5_apijump.c.obj)
                0x0000000003803d14                vexDisplayFontNamedSet
 .text.vexDisplayStringWidthGet
                0x0000000003803d38       0x24 /Applications/VEXcode Pro V5.app/Contents/Resources/sdk/vexv5/libv5rt.a(v5_apijump.c.obj)
                0x0000000003803d38                vexDisplayStringWidthGet
 .text.vexDisplayPenSizeGet
                0x0000000003803d5c       0x1c /Applications/VEXcode Pro V5.app/Contents/Resources/sdk/vexv5/libv5rt.a(v5_apijump.c.obj)
                0x0000000003803d5c                vexDisplayPenSizeGet
 .text.vexSystemStdlibImpureDataAddr
                0x0000000003803d78       0x28 /Applications/VEXcode Pro V5.app/Contents/Resources/sdk/vexv5/libv5rt.a(v5_apijump.c.obj)
                0x0000000003803d78                vexSystemStdlibImpureDataAddr
 .text.vexSystemStdlibImpureDataSize
                0x0000000003803da0       0x28 /Applications/VEXcode Pro V5.app/Contents/Resources/sdk/vexv5/libv5rt.a(v5_apijump.c.obj)
                0x0000000003803da0                vexSystemStdlibImpureDataSize
 .text.vexSystemSaveUserData
                0x0000000003803dc8       0x3c /Applications/VEXcode Pro V5.app/Contents/Resources/sdk/vexv5/libv5rt.a(v5_apijump.c.obj)
                0x0000000003803dc8                vexSystemSaveUserData
 .text.vexDisplayThemeIdGet
                0x0000000003803e04       0x38 /Applications/VEXcode Pro V5.app/Contents/Resources/sdk/vexv5/libv5rt.a(v5_apijump.c.obj)
                0x0000000003803e04                vexDisplayThemeIdGet
 .text.vexDeviceEventMaskSet
                0x0000000003803e3c       0x48 /Applications/VEXcode Pro V5.app/Contents/Resources/sdk/vexv5/libv5rt.a(v5_apijump.c.obj)
                0x0000000003803e3c                vexDeviceEventMaskSet
 .text.vexDeviceEventMaskGet
                0x0000000003803e84       0x3c /Applications/VEXcode Pro V5.app/Contents/Resources/sdk/vexv5/libv5rt.a(v5_apijump.c.obj)
                0x0000000003803e84                vexDeviceEventMaskGet
 .text.vexSystemVersion
                0x0000000003803ec0       0x10 /Applications/VEXcode Pro V5.app/Contents/Resources/sdk/vexv5/libv5rt.a(v5_apiversions.c.obj)
                0x0000000003803ec0                vexSystemVersion
 .text.vexStdlibVersion
                0x0000000003803ed0       0x10 /Applications/VEXcode Pro V5.app/Contents/Resources/sdk/vexv5/libv5rt.a(v5_apiversions.c.obj)
                0x0000000003803ed0                vexStdlibVersion
 .text._ZN3vex4waitEdNS_9timeUnitsE
                0x0000000003803ee0       0x30 /Applications/VEXcode Pro V5.app/Contents/Resources/sdk/vexv5/libv5rt.a(vex_global.cpp.obj)
                0x0000000003803ee0                vex::wait(double, vex::timeUnits)
 .text._ZN3vex5motorD2Ev
                0x0000000003803f10       0x20 /Applications/VEXcode Pro V5.app/Contents/Resources/sdk/vexv5/libv5rt.a(vex_motor.cpp.obj)
                0x0000000003803f10                vex::motor::~motor()
                0x0000000003803f10                vex::motor::~motor()
 .text._ZN3vex5motorD0Ev
                0x0000000003803f30       0x1c /Applications/VEXcode Pro V5.app/Contents/Resources/sdk/vexv5/libv5rt.a(vex_motor.cpp.obj)
                0x0000000003803f30                vex::motor::~motor()
 .text._ZN3vex5motor9installedEv
                0x0000000003803f4c       0x18 /Applications/VEXcode Pro V5.app/Contents/Resources/sdk/vexv5/libv5rt.a(vex_motor.cpp.obj)
                0x0000000003803f4c                vex::motor::installed()
 .text._ZN3vex5motor15defaultStoppingENS_9brakeTypeE
                0x0000000003803f64       0x30 /Applications/VEXcode Pro V5.app/Contents/Resources/sdk/vexv5/libv5rt.a(vex_motor.cpp.obj)
                0x0000000003803f64                vex::motor::defaultStopping(vex::brakeType)
 .text._ZN3vex5motorC2El
                0x0000000003803f94       0x78 /Applications/VEXcode Pro V5.app/Contents/Resources/sdk/vexv5/libv5rt.a(vex_motor.cpp.obj)
                0x0000000003803f94                vex::motor::motor(long)
                0x0000000003803f94                vex::motor::motor(long)
 .text._ZN3vex5motorC2ElNS_11gearSettingEb
                0x000000000380400c       0x34 /Applications/VEXcode Pro V5.app/Contents/Resources/sdk/vexv5/libv5rt.a(vex_motor.cpp.obj)
                0x000000000380400c                vex::motor::motor(long, vex::gearSetting, bool)
                0x000000000380400c                vex::motor::motor(long, vex::gearSetting, bool)
 .text._ZN3vex5motor4stopENS_9brakeTypeE
                0x0000000003804040       0x30 /Applications/VEXcode Pro V5.app/Contents/Resources/sdk/vexv5/libv5rt.a(vex_motor.cpp.obj)
                0x0000000003804040                vex::motor::stop(vex::brakeType)
 .text._ZN3vex5motor4stopEv
                0x0000000003804070        0x8 /Applications/VEXcode Pro V5.app/Contents/Resources/sdk/vexv5/libv5rt.a(vex_motor.cpp.obj)
                0x0000000003804070                vex::motor::stop()
 .text._ZN3vex5motor6torqueENS_11torqueUnitsE
                0x0000000003804078       0x30 /Applications/VEXcode Pro V5.app/Contents/Resources/sdk/vexv5/libv5rt.a(vex_motor.cpp.obj)
                0x0000000003804078                vex::motor::torque(vex::torqueUnits)
 .text._ZN3vex5motor16velocityToScaledEdNS_13velocityUnitsE
                0x00000000038040a8       0x5c /Applications/VEXcode Pro V5.app/Contents/Resources/sdk/vexv5/libv5rt.a(vex_motor.cpp.obj)
                0x00000000038040a8                vex::motor::velocityToScaled(double, vex::velocityUnits)
 .text._ZN3vex5motor8velocityENS_13velocityUnitsE
                0x0000000003804104       0x30 /Applications/VEXcode Pro V5.app/Contents/Resources/sdk/vexv5/libv5rt.a(vex_motor.cpp.obj)
                0x0000000003804104                vex::motor::velocity(vex::velocityUnits)
 .text._ZN3vex5motor5valueEv
                0x0000000003804134       0x1c /Applications/VEXcode Pro V5.app/Contents/Resources/sdk/vexv5/libv5rt.a(vex_motor.cpp.obj)
                0x0000000003804134                vex::motor::value()
 .text._ZN3vex5motor16scaledToVelocityEdNS_13velocityUnitsE
                0x0000000003804150       0xa4 /Applications/VEXcode Pro V5.app/Contents/Resources/sdk/vexv5/libv5rt.a(vex_motor.cpp.obj)
                0x0000000003804150                vex::motor::scaledToVelocity(double, vex::velocityUnits)
 .text._ZN3vex5motor4spinENS_13directionTypeEdNS_13velocityUnitsE
                0x00000000038041f4       0x5c /Applications/VEXcode Pro V5.app/Contents/Resources/sdk/vexv5/libv5rt.a(vex_motor.cpp.obj)
                0x00000000038041f4                vex::motor::spin(vex::directionType, double, vex::velocityUnits)
 .text._ZN3vex5motor9rotateForEdNS_9timeUnitsEdNS_13velocityUnitsE
                0x0000000003804250       0x78 /Applications/VEXcode Pro V5.app/Contents/Resources/sdk/vexv5/libv5rt.a(vex_motor.cpp.obj)
                0x0000000003804250                vex::motor::rotateFor(double, vex::timeUnits, double, vex::velocityUnits)
 .text._ZN3vex5motor7spinForENS_13directionTypeEdNS_9timeUnitsE
                0x00000000038042c8       0x44 /Applications/VEXcode Pro V5.app/Contents/Resources/sdk/vexv5/libv5rt.a(vex_motor.cpp.obj)
                0x00000000038042c8                vex::motor::spinFor(vex::directionType, double, vex::timeUnits)
 .text._ZN3vex5motor16setRotationUnitsENS_13rotationUnitsE
                0x000000000380430c       0x1c /Applications/VEXcode Pro V5.app/Contents/Resources/sdk/vexv5/libv5rt.a(vex_motor.cpp.obj)
                0x000000000380430c                vex::motor::setRotationUnits(vex::rotationUnits)
 .text._ZN3vex5motor11setRotationEdNS_13rotationUnitsE
                0x0000000003804328       0x44 /Applications/VEXcode Pro V5.app/Contents/Resources/sdk/vexv5/libv5rt.a(vex_motor.cpp.obj)
                0x0000000003804328                vex::motor::setRotation(double, vex::rotationUnits)
 .text._ZN3vex5motor13resetPositionEv
                0x000000000380436c       0x20 /Applications/VEXcode Pro V5.app/Contents/Resources/sdk/vexv5/libv5rt.a(vex_motor.cpp.obj)
                0x000000000380436c                vex::motor::resetPosition()
 .text._ZN3vex5motor8rotateToEdNS_13rotationUnitsEdNS_13velocityUnitsEb
                0x000000000380438c       0xc4 /Applications/VEXcode Pro V5.app/Contents/Resources/sdk/vexv5/libv5rt.a(vex_motor.cpp.obj)
                0x000000000380438c                vex::motor::rotateTo(double, vex::rotationUnits, double, vex::velocityUnits, bool)
 .text._ZN3vex5motor14spinToPositionEdNS_13rotationUnitsEdNS_13velocityUnitsEb
                0x0000000003804450       0x14 /Applications/VEXcode Pro V5.app/Contents/Resources/sdk/vexv5/libv5rt.a(vex_motor.cpp.obj)
                0x0000000003804450                vex::motor::spinToPosition(double, vex::rotationUnits, double, vex::velocityUnits, bool)
 .text._ZN3vex5motor9rotateForEdNS_13rotationUnitsEdNS_13velocityUnitsEb
                0x0000000003804464       0xe0 /Applications/VEXcode Pro V5.app/Contents/Resources/sdk/vexv5/libv5rt.a(vex_motor.cpp.obj)
                0x0000000003804464                vex::motor::rotateFor(double, vex::rotationUnits, double, vex::velocityUnits, bool)
 .text._ZN3vex5motor9rotateForENS_13directionTypeEdNS_13rotationUnitsEdNS_13velocityUnitsEb
                0x0000000003804544       0x34 /Applications/VEXcode Pro V5.app/Contents/Resources/sdk/vexv5/libv5rt.a(vex_motor.cpp.obj)
                0x0000000003804544                vex::motor::rotateFor(vex::directionType, double, vex::rotationUnits, double, vex::velocityUnits, bool)
 .text._ZN3vex6vision9installedEv
                0x0000000003804578       0x18 /Applications/VEXcode Pro V5.app/Contents/Resources/sdk/vexv5/libv5rt.a(vex_vision.cpp.obj)
                0x0000000003804578                vex::vision::installed()
 .text._ZN3vex6visionD2Ev
                0x0000000003804590       0x38 /Applications/VEXcode Pro V5.app/Contents/Resources/sdk/vexv5/libv5rt.a(vex_vision.cpp.obj)
                0x0000000003804590                vex::vision::~vision()
                0x0000000003804590                vex::vision::~vision()
 .text._ZN3vex6visionD0Ev
                0x00000000038045c8       0x1c /Applications/VEXcode Pro V5.app/Contents/Resources/sdk/vexv5/libv5rt.a(vex_vision.cpp.obj)
                0x00000000038045c8                vex::vision::~vision()
 .text._ZN3vex6vision12setSignatureERNS0_9signatureE
                0x00000000038045e4       0x70 /Applications/VEXcode Pro V5.app/Contents/Resources/sdk/vexv5/libv5rt.a(vex_vision.cpp.obj)
                0x00000000038045e4                vex::vision::setSignature(vex::vision::signature&)
 .text._ZN3vex6vision7setModeENS0_13detectionModeE
                0x0000000003804654       0x18 /Applications/VEXcode Pro V5.app/Contents/Resources/sdk/vexv5/libv5rt.a(vex_vision.cpp.obj)
                0x0000000003804654                vex::vision::setMode(vex::vision::detectionMode)
 .text._ZN3vex6vision13setBrightnessEh
                0x000000000380466c       0x30 /Applications/VEXcode Pro V5.app/Contents/Resources/sdk/vexv5/libv5rt.a(vex_vision.cpp.obj)
                0x000000000380466c                vex::vision::setBrightness(unsigned char)
 .text._ZN3vex6vision10setLedModeENS0_7ledModeE
                0x000000000380469c       0x18 /Applications/VEXcode Pro V5.app/Contents/Resources/sdk/vexv5/libv5rt.a(vex_vision.cpp.obj)
                0x000000000380469c                vex::vision::setLedMode(vex::vision::ledMode)
 .text._ZN3vex6vision11setLedColorEhhh
                0x00000000038046b4       0x30 /Applications/VEXcode Pro V5.app/Contents/Resources/sdk/vexv5/libv5rt.a(vex_vision.cpp.obj)
                0x00000000038046b4                vex::vision::setLedColor(unsigned char, unsigned char, unsigned char)
 .text._ZN3vex6vision9signatureD2Ev
                0x00000000038046e4        0x4 /Applications/VEXcode Pro V5.app/Contents/Resources/sdk/vexv5/libv5rt.a(vex_vision.cpp.obj)
                0x00000000038046e4                vex::vision::signature::~signature()
                0x00000000038046e4                vex::vision::signature::~signature()
 .text._ZN3vex6vision9signature5clearEv
                0x00000000038046e8       0x38 /Applications/VEXcode Pro V5.app/Contents/Resources/sdk/vexv5/libv5rt.a(vex_vision.cpp.obj)
                0x00000000038046e8                vex::vision::signature::clear()
 .text._ZN3vex6vision9signatureC2Ev
                0x0000000003804720       0x60 /Applications/VEXcode Pro V5.app/Contents/Resources/sdk/vexv5/libv5rt.a(vex_vision.cpp.obj)
                0x0000000003804720                vex::vision::signature::signature()
                0x0000000003804720                vex::vision::signature::signature()
 .text._ZN3vex6vision9signatureC2Elllllllfl
                0x0000000003804780       0x5c /Applications/VEXcode Pro V5.app/Contents/Resources/sdk/vexv5/libv5rt.a(vex_vision.cpp.obj)
                0x0000000003804780                vex::vision::signature::signature(long, long, long, long, long, long, long, float, long)
                0x0000000003804780                vex::vision::signature::signature(long, long, long, long, long, long, long, float, long)
 *fill*         0x00000000038047dc        0x4 
 .text._ZN3vex6vision6object3setE22_V5_DeviceVisionObject
                0x00000000038047e0       0x78 /Applications/VEXcode Pro V5.app/Contents/Resources/sdk/vexv5/libv5rt.a(vex_vision.cpp.obj)
                0x00000000038047e0                vex::vision::object::set(_V5_DeviceVisionObject)
 .text._ZN3vex6vision6object5clearEv
                0x0000000003804858       0x38 /Applications/VEXcode Pro V5.app/Contents/Resources/sdk/vexv5/libv5rt.a(vex_vision.cpp.obj)
                0x0000000003804858                vex::vision::object::clear()
 .text._ZN3vex6vision6objectC2Ev
                0x0000000003804890       0x58 /Applications/VEXcode Pro V5.app/Contents/Resources/sdk/vexv5/libv5rt.a(vex_vision.cpp.obj)
                0x0000000003804890                vex::vision::object::object()
                0x0000000003804890                vex::vision::object::object()
 .text._ZN3vex6vision13_clearObjectsEv
                0x00000000038048e8       0x40 /Applications/VEXcode Pro V5.app/Contents/Resources/sdk/vexv5/libv5rt.a(vex_vision.cpp.obj)
                0x00000000038048e8                vex::vision::_clearObjects()
 .text._ZN3vex6vision6objectaSERKS1_
                0x0000000003804928       0x74 /Applications/VEXcode Pro V5.app/Contents/Resources/sdk/vexv5/libv5rt.a(vex_vision.cpp.obj)
                0x0000000003804928                vex::vision::object::operator=(vex::vision::object const&)
 .text._ZN3vex6vision12takeSnapshotEmm
                0x000000000380499c       0xf4 /Applications/VEXcode Pro V5.app/Contents/Resources/sdk/vexv5/libv5rt.a(vex_vision.cpp.obj)
                0x000000000380499c                vex::vision::takeSnapshot(unsigned long, unsigned long)
 .text._ZN3vex6vision12takeSnapshotEm
                0x0000000003804a90        0x8 /Applications/VEXcode Pro V5.app/Contents/Resources/sdk/vexv5/libv5rt.a(vex_vision.cpp.obj)
                0x0000000003804a90                vex::vision::takeSnapshot(unsigned long)
 .text._ZN3vex6vision5valueEv
                0x0000000003804a98        0x8 /Applications/VEXcode Pro V5.app/Contents/Resources/sdk/vexv5/libv5rt.a(vex_vision.cpp.obj)
                0x0000000003804a98                vex::vision::value()
 .text._ZN3vex6vision12takeSnapshotERNS0_9signatureE
                0x0000000003804aa0       0x10 /Applications/VEXcode Pro V5.app/Contents/Resources/sdk/vexv5/libv5rt.a(vex_vision.cpp.obj)
                0x0000000003804aa0                vex::vision::takeSnapshot(vex::vision::signature&)
 .text._ZN3vex6vision6objectaSEl
                0x0000000003804ab0       0x38 /Applications/VEXcode Pro V5.app/Contents/Resources/sdk/vexv5/libv5rt.a(vex_vision.cpp.obj)
                0x0000000003804ab0                vex::vision::object::operator=(long)
 .text._ZN3vex6visionC2El
                0x0000000003804ae8       0xa4 /Applications/VEXcode Pro V5.app/Contents/Resources/sdk/vexv5/libv5rt.a(vex_vision.cpp.obj)
                0x0000000003804ae8                vex::vision::vision(long)
                0x0000000003804ae8                vex::vision::vision(long)
 *fill*         0x0000000003804b8c        0x4 
 .text._ZN3vex8inertial10setHeadingEdNS_13rotationUnitsE
                0x0000000003804b90       0x60 /Applications/VEXcode Pro V5.app/Contents/Resources/sdk/vexv5/libv5rt.a(vex_imu.cpp.obj)
                0x0000000003804b90                vex::inertial::setHeading(double, vex::rotationUnits)
 .text._ZThn16_N3vex8inertial10setHeadingEdNS_13rotationUnitsE
                0x0000000003804bf0        0x8 /Applications/VEXcode Pro V5.app/Contents/Resources/sdk/vexv5/libv5rt.a(vex_imu.cpp.obj)
                0x0000000003804bf0                non-virtual thunk to vex::inertial::setHeading(double, vex::rotationUnits)
 .text._ZN3vex8inertial11setRotationEdNS_13rotationUnitsE
                0x0000000003804bf8       0x60 /Applications/VEXcode Pro V5.app/Contents/Resources/sdk/vexv5/libv5rt.a(vex_imu.cpp.obj)
                0x0000000003804bf8                vex::inertial::setRotation(double, vex::rotationUnits)
 .text._ZThn16_N3vex8inertial11setRotationEdNS_13rotationUnitsE
                0x0000000003804c58        0x8 /Applications/VEXcode Pro V5.app/Contents/Resources/sdk/vexv5/libv5rt.a(vex_imu.cpp.obj)
                0x0000000003804c58                non-virtual thunk to vex::inertial::setRotation(double, vex::rotationUnits)
 .text._ZN3vex8inertialD2Ev
                0x0000000003804c60       0x20 /Applications/VEXcode Pro V5.app/Contents/Resources/sdk/vexv5/libv5rt.a(vex_imu.cpp.obj)
                0x0000000003804c60                vex::inertial::~inertial()
                0x0000000003804c60                vex::inertial::~inertial()
 .text._ZThn16_N3vex8inertialD1Ev
                0x0000000003804c80        0x8 /Applications/VEXcode Pro V5.app/Contents/Resources/sdk/vexv5/libv5rt.a(vex_imu.cpp.obj)
                0x0000000003804c80                non-virtual thunk to vex::inertial::~inertial()
 .text._ZN3vex8inertialD0Ev
                0x0000000003804c88       0x1c /Applications/VEXcode Pro V5.app/Contents/Resources/sdk/vexv5/libv5rt.a(vex_imu.cpp.obj)
                0x0000000003804c88                vex::inertial::~inertial()
 .text._ZThn16_N3vex8inertialD0Ev
                0x0000000003804ca4        0x8 /Applications/VEXcode Pro V5.app/Contents/Resources/sdk/vexv5/libv5rt.a(vex_imu.cpp.obj)
                0x0000000003804ca4                non-virtual thunk to vex::inertial::~inertial()
 .text._ZN3vex8inertial9installedEv
                0x0000000003804cac       0x18 /Applications/VEXcode Pro V5.app/Contents/Resources/sdk/vexv5/libv5rt.a(vex_imu.cpp.obj)
                0x0000000003804cac                vex::inertial::installed()
 .text._ZN3vex8inertial5angleENS_13rotationUnitsE
                0x0000000003804cc4       0x60 /Applications/VEXcode Pro V5.app/Contents/Resources/sdk/vexv5/libv5rt.a(vex_imu.cpp.obj)
                0x0000000003804cc4                vex::inertial::angle(vex::rotationUnits)
 .text._ZThn16_N3vex8inertial5angleENS_13rotationUnitsE
                0x0000000003804d24        0x8 /Applications/VEXcode Pro V5.app/Contents/Resources/sdk/vexv5/libv5rt.a(vex_imu.cpp.obj)
                0x0000000003804d24                non-virtual thunk to vex::inertial::angle(vex::rotationUnits)
 .text._ZN3vex8inertial7headingENS_13rotationUnitsE
                0x0000000003804d2c        0x4 /Applications/VEXcode Pro V5.app/Contents/Resources/sdk/vexv5/libv5rt.a(vex_imu.cpp.obj)
                0x0000000003804d2c                vex::inertial::heading(vex::rotationUnits)
 .text._ZThn16_N3vex8inertial7headingENS_13rotationUnitsE
                0x0000000003804d30        0x8 /Applications/VEXcode Pro V5.app/Contents/Resources/sdk/vexv5/libv5rt.a(vex_imu.cpp.obj)
                0x0000000003804d30                non-virtual thunk to vex::inertial::heading(vex::rotationUnits)
 .text._ZN3vex8inertial5valueEv
                0x0000000003804d38       0x1c /Applications/VEXcode Pro V5.app/Contents/Resources/sdk/vexv5/libv5rt.a(vex_imu.cpp.obj)
                0x0000000003804d38                vex::inertial::value()
 *fill*         0x0000000003804d54        0x4 
 .text._ZN3vex8inertial8rotationENS_13rotationUnitsE
                0x0000000003804d58       0x40 /Applications/VEXcode Pro V5.app/Contents/Resources/sdk/vexv5/libv5rt.a(vex_imu.cpp.obj)
                0x0000000003804d58                vex::inertial::rotation(vex::rotationUnits)
 .text._ZThn16_N3vex8inertial8rotationENS_13rotationUnitsE
                0x0000000003804d98        0x8 /Applications/VEXcode Pro V5.app/Contents/Resources/sdk/vexv5/libv5rt.a(vex_imu.cpp.obj)
                0x0000000003804d98                non-virtual thunk to vex::inertial::rotation(vex::rotationUnits)
 .text._ZN3vex8inertial13isCalibratingEv
                0x0000000003804da0       0x38 /Applications/VEXcode Pro V5.app/Contents/Resources/sdk/vexv5/libv5rt.a(vex_imu.cpp.obj)
                0x0000000003804da0                vex::inertial::isCalibrating()
 .text._ZThn16_N3vex8inertial13isCalibratingEv
                0x0000000003804dd8        0x8 /Applications/VEXcode Pro V5.app/Contents/Resources/sdk/vexv5/libv5rt.a(vex_imu.cpp.obj)
                0x0000000003804dd8                non-virtual thunk to vex::inertial::isCalibrating()
 .text._ZN3vex8inertialC2El
                0x0000000003804de0       0x48 /Applications/VEXcode Pro V5.app/Contents/Resources/sdk/vexv5/libv5rt.a(vex_imu.cpp.obj)
                0x0000000003804de0                vex::inertial::inertial(long)
                0x0000000003804de0                vex::inertial::inertial(long)
 .text._ZN3vex8inertial16startCalibrationEl
                0x0000000003804e28       0x20 /Applications/VEXcode Pro V5.app/Contents/Resources/sdk/vexv5/libv5rt.a(vex_imu.cpp.obj)
                0x0000000003804e28                vex::inertial::startCalibration(long)
 .text._ZN3vex8inertial9calibrateEl
                0x0000000003804e48        0xc /Applications/VEXcode Pro V5.app/Contents/Resources/sdk/vexv5/libv5rt.a(vex_imu.cpp.obj)
                0x0000000003804e48                vex::inertial::calibrate(long)
                0x0000000003804e4c                non-virtual thunk to vex::inertial::calibrate(long)
 .text._ZN3vex8distanceD2Ev
                0x0000000003804e54       0x20 /Applications/VEXcode Pro V5.app/Contents/Resources/sdk/vexv5/libv5rt.a(vex_distance.cpp.obj)
                0x0000000003804e54                vex::distance::~distance()
                0x0000000003804e54                vex::distance::~distance()
 .text._ZN3vex8distanceD0Ev
                0x0000000003804e74       0x1c /Applications/VEXcode Pro V5.app/Contents/Resources/sdk/vexv5/libv5rt.a(vex_distance.cpp.obj)
                0x0000000003804e74                vex::distance::~distance()
 .text._ZN3vex8distance9installedEv
                0x0000000003804e90       0x18 /Applications/VEXcode Pro V5.app/Contents/Resources/sdk/vexv5/libv5rt.a(vex_distance.cpp.obj)
                0x0000000003804e90                vex::distance::installed()
 .text._ZN3vex8distance5valueEv
                0x0000000003804ea8        0x8 /Applications/VEXcode Pro V5.app/Contents/Resources/sdk/vexv5/libv5rt.a(vex_distance.cpp.obj)
                0x0000000003804ea8                vex::distance::value()
 .text._ZN3vex8distanceC2El
                0x0000000003804eb0       0x20 /Applications/VEXcode Pro V5.app/Contents/Resources/sdk/vexv5/libv5rt.a(vex_distance.cpp.obj)
                0x0000000003804eb0                vex::distance::distance(long)
                0x0000000003804eb0                vex::distance::distance(long)
 .text._ZN3vex8distance14objectDistanceENS_13distanceUnitsE
                0x0000000003804ed0       0x48 /Applications/VEXcode Pro V5.app/Contents/Resources/sdk/vexv5/libv5rt.a(vex_distance.cpp.obj)
                0x0000000003804ed0                vex::distance::objectDistance(vex::distanceUnits)
 .text._ZN3vex10controllerD2Ev
                0x0000000003804f18        0x4 /Applications/VEXcode Pro V5.app/Contents/Resources/sdk/vexv5/libv5rt.a(vex_controller.cpp.obj)
                0x0000000003804f18                vex::controller::~controller()
                0x0000000003804f18                vex::controller::~controller()
 .text._ZN3vex10controller5valueE19_V5_ControllerIndex
                0x0000000003804f1c        0x8 /Applications/VEXcode Pro V5.app/Contents/Resources/sdk/vexv5/libv5rt.a(vex_controller.cpp.obj)
                0x0000000003804f1c                vex::controller::value(_V5_ControllerIndex)
 .text._ZN3vex10controller6button8pressingEv
                0x0000000003804f24       0xc8 /Applications/VEXcode Pro V5.app/Contents/Resources/sdk/vexv5/libv5rt.a(vex_controller.cpp.obj)
                0x0000000003804f24                vex::controller::button::pressing()
 .text._ZN3vex10controller6button21_buttonToPressedEventEv
                0x0000000003804fec       0x20 /Applications/VEXcode Pro V5.app/Contents/Resources/sdk/vexv5/libv5rt.a(vex_controller.cpp.obj)
                0x0000000003804fec                vex::controller::button::_buttonToPressedEvent()
 .text._ZN3vex10controller6button22_buttonToReleasedEventEv
                0x000000000380500c       0x20 /Applications/VEXcode Pro V5.app/Contents/Resources/sdk/vexv5/libv5rt.a(vex_controller.cpp.obj)
                0x000000000380500c                vex::controller::button::_buttonToReleasedEvent()
 .text._ZN3vex10controller6buttonC2ENS0_11tButtonTypeEPS0_
                0x000000000380502c       0x48 /Applications/VEXcode Pro V5.app/Contents/Resources/sdk/vexv5/libv5rt.a(vex_controller.cpp.obj)
                0x000000000380502c                vex::controller::button::button(vex::controller::tButtonType, vex::controller*)
                0x000000000380502c                vex::controller::button::button(vex::controller::tButtonType, vex::controller*)
 .text._ZN3vex10controller4axis5valueEv
                0x0000000003805074       0x58 /Applications/VEXcode Pro V5.app/Contents/Resources/sdk/vexv5/libv5rt.a(vex_controller.cpp.obj)
                0x0000000003805074                vex::controller::axis::value()
 .text._ZN3vex10controller4axis8positionENS_12percentUnitsE
                0x00000000038050cc       0x1c /Applications/VEXcode Pro V5.app/Contents/Resources/sdk/vexv5/libv5rt.a(vex_controller.cpp.obj)
                0x00000000038050cc                vex::controller::axis::position(vex::percentUnits)
 .text._ZN3vex10controller4axis23_joystickToChangedEventEv
                0x00000000038050e8       0x20 /Applications/VEXcode Pro V5.app/Contents/Resources/sdk/vexv5/libv5rt.a(vex_controller.cpp.obj)
                0x00000000038050e8                vex::controller::axis::_joystickToChangedEvent()
 .text._ZN3vex10controller4axisC2ENS0_9tAxisTypeEPS0_
                0x0000000003805108       0x2c /Applications/VEXcode Pro V5.app/Contents/Resources/sdk/vexv5/libv5rt.a(vex_controller.cpp.obj)
                0x0000000003805108                vex::controller::axis::axis(vex::controller::tAxisType, vex::controller*)
                0x0000000003805108                vex::controller::axis::axis(vex::controller::tAxisType, vex::controller*)
 .text._ZN3vex10controllerC2ENS_14controllerTypeE
                0x0000000003805134      0x204 /Applications/VEXcode Pro V5.app/Contents/Resources/sdk/vexv5/libv5rt.a(vex_controller.cpp.obj)
                0x0000000003805134                vex::controller::controller(vex::controllerType)
                0x0000000003805134                vex::controller::controller(vex::controllerType)
 .text._ZN3vex10controller3lcd15getControllerIdEv
                0x0000000003805338       0x10 /Applications/VEXcode Pro V5.app/Contents/Resources/sdk/vexv5/libv5rt.a(vex_controller.cpp.obj)
                0x0000000003805338                vex::controller::lcd::getControllerId()
 .text._ZN3vex10controller3lcd9setCursorEll
                0x0000000003805348       0x40 /Applications/VEXcode Pro V5.app/Contents/Resources/sdk/vexv5/libv5rt.a(vex_controller.cpp.obj)
                0x0000000003805348                vex::controller::lcd::setCursor(long, long)
 .text._ZN3vex10controller3lcd5printEPKcz
                0x0000000003805388       0x80 /Applications/VEXcode Pro V5.app/Contents/Resources/sdk/vexv5/libv5rt.a(vex_controller.cpp.obj)
                0x0000000003805388                vex::controller::lcd::print(char const*, ...)
 .text._ZN3vex10controller3lcd9clearLineEi
                0x0000000003805408       0x80 /Applications/VEXcode Pro V5.app/Contents/Resources/sdk/vexv5/libv5rt.a(vex_controller.cpp.obj)
                0x0000000003805408                vex::controller::lcd::clearLine(int)
 .text._ZN3vex10controller3lcd9clearLineEv
                0x0000000003805488        0x8 /Applications/VEXcode Pro V5.app/Contents/Resources/sdk/vexv5/libv5rt.a(vex_controller.cpp.obj)
                0x0000000003805488                vex::controller::lcd::clearLine()
 .text._ZN3vex10controller3lcd7newLineEv
                0x0000000003805490       0x20 /Applications/VEXcode Pro V5.app/Contents/Resources/sdk/vexv5/libv5rt.a(vex_controller.cpp.obj)
                0x0000000003805490                vex::controller::lcd::newLine()
 .text._ZN3vex4taskC2EPFivE
                0x00000000038054b0       0x5c /Applications/VEXcode Pro V5.app/Contents/Resources/sdk/vexv5/libv5rt.a(vex_task.cpp.obj)
                0x00000000038054b0                vex::task::task(int (*)())
                0x00000000038054b0                vex::task::task(int (*)())
 .text._ZN3vex4taskD2Ev
                0x000000000380550c        0x4 /Applications/VEXcode Pro V5.app/Contents/Resources/sdk/vexv5/libv5rt.a(vex_task.cpp.obj)
                0x000000000380550c                vex::task::~task()
                0x000000000380550c                vex::task::~task()
 .text._ZN3vex4task4stopERKS0_
                0x0000000003805510       0x18 /Applications/VEXcode Pro V5.app/Contents/Resources/sdk/vexv5/libv5rt.a(vex_task.cpp.obj)
                0x0000000003805510                vex::task::stop(vex::task const&)
 .text._ZN3vex4task5sleepEm
                0x0000000003805528        0x4 /Applications/VEXcode Pro V5.app/Contents/Resources/sdk/vexv5/libv5rt.a(vex_task.cpp.obj)
                0x0000000003805528                vex::task::sleep(unsigned long)
 .text._ZN3vex4task6_indexEPFivE
                0x000000000380552c       0x14 /Applications/VEXcode Pro V5.app/Contents/Resources/sdk/vexv5/libv5rt.a(vex_task.cpp.obj)
                0x000000000380552c                vex::task::_index(int (*)())
 .text._ZN3vex4task8_stopAllEv
                0x0000000003805540       0x3c /Applications/VEXcode Pro V5.app/Contents/Resources/sdk/vexv5/libv5rt.a(vex_task.cpp.obj)
                0x0000000003805540                vex::task::_stopAll()
 .text._ZN3vex6threadC2EPFivE
                0x000000000380557c       0x5c /Applications/VEXcode Pro V5.app/Contents/Resources/sdk/vexv5/libv5rt.a(vex_thread.cpp.obj)
                0x000000000380557c                vex::thread::thread(int (*)())
                0x000000000380557c                vex::thread::thread(int (*)())
 .text._ZN3vex6threadD2Ev
                0x00000000038055d8        0x4 /Applications/VEXcode Pro V5.app/Contents/Resources/sdk/vexv5/libv5rt.a(vex_thread.cpp.obj)
                0x00000000038055d8                vex::thread::~thread()
                0x00000000038055d8                vex::thread::~thread()
 .text._ZN3vex11this_thread9sleep_forEm
                0x00000000038055dc        0x4 /Applications/VEXcode Pro V5.app/Contents/Resources/sdk/vexv5/libv5rt.a(vex_thread.cpp.obj)
                0x00000000038055dc                vex::this_thread::sleep_for(unsigned long)
 .text._ZN3vex5event4initEmmPFvvE
                0x00000000038055e0        0x4 /Applications/VEXcode Pro V5.app/Contents/Resources/sdk/vexv5/libv5rt.a(vex_event.cpp.obj)
                0x00000000038055e0                vex::event::init(unsigned long, unsigned long, void (*)())
 .text._ZN3vex5event4initEmmPFvPvES1_
                0x00000000038055e4        0x4 /Applications/VEXcode Pro V5.app/Contents/Resources/sdk/vexv5/libv5rt.a(vex_event.cpp.obj)
                0x00000000038055e4                vex::event::init(unsigned long, unsigned long, void (*)(void*), void*)
 .text._ZN3vex5event9userindexEv
                0x00000000038055e8        0x4 /Applications/VEXcode Pro V5.app/Contents/Resources/sdk/vexv5/libv5rt.a(vex_event.cpp.obj)
                0x00000000038055e8                vex::event::userindex()
 .text._ZZN3vex6meventC4EmmENUlvE_4_FUNEv
                0x00000000038055ec        0x4 /Applications/VEXcode Pro V5.app/Contents/Resources/sdk/vexv5/libv5rt.a(vex_mevent.cpp.obj)
 .text._ZN3vex6meventC2Emm
                0x00000000038055f0       0x70 /Applications/VEXcode Pro V5.app/Contents/Resources/sdk/vexv5/libv5rt.a(vex_mevent.cpp.obj)
                0x00000000038055f0                vex::mevent::mevent(unsigned long, unsigned long)
                0x00000000038055f0                vex::mevent::mevent(unsigned long, unsigned long)
 .text._ZN3vex5brain9_getIndexEv
                0x0000000003805660       0x10 /Applications/VEXcode Pro V5.app/Contents/Resources/sdk/vexv5/libv5rt.a(vex_brain.cpp.obj)
                0x0000000003805660                vex::brain::_getIndex()
 .text._ZN3vex5brain3lcd9setCursorEll
                0x0000000003805670       0x44 /Applications/VEXcode Pro V5.app/Contents/Resources/sdk/vexv5/libv5rt.a(vex_brain.cpp.obj)
                0x0000000003805670                vex::brain::lcd::setCursor(long, long)
 .text._ZN3vex5brain3lcd9setOriginEll
                0x00000000038056b4       0x1c /Applications/VEXcode Pro V5.app/Contents/Resources/sdk/vexv5/libv5rt.a(vex_brain.cpp.obj)
                0x00000000038056b4                vex::brain::lcd::setOrigin(long, long)
 .text._ZN3vex5brain3lcd7setFontENS_8fontTypeE
                0x00000000038056d0      0x23c /Applications/VEXcode Pro V5.app/Contents/Resources/sdk/vexv5/libv5rt.a(vex_brain.cpp.obj)
                0x00000000038056d0                vex::brain::lcd::setFont(vex::fontType)
 .text._ZN3vex5brain3lcdC2Ev
                0x000000000380590c       0x94 /Applications/VEXcode Pro V5.app/Contents/Resources/sdk/vexv5/libv5rt.a(vex_brain.cpp.obj)
                0x000000000380590c                vex::brain::lcd::lcd()
                0x000000000380590c                vex::brain::lcd::lcd()
 .text._ZN3vex5brainC2Ev
                0x00000000038059a0       0x38 /Applications/VEXcode Pro V5.app/Contents/Resources/sdk/vexv5/libv5rt.a(vex_brain.cpp.obj)
                0x00000000038059a0                vex::brain::brain()
                0x00000000038059a0                vex::brain::brain()
 .text._ZN3vex5brain3lcd7printAtEllbPKcz
                0x00000000038059d8       0x64 /Applications/VEXcode Pro V5.app/Contents/Resources/sdk/vexv5/libv5rt.a(vex_brain.cpp.obj)
                0x00000000038059d8                vex::brain::lcd::printAt(long, long, bool, char const*, ...)
 .text._ZN3vex5brain3lcd12_clearScreenEm
                0x0000000003805a3c       0x38 /Applications/VEXcode Pro V5.app/Contents/Resources/sdk/vexv5/libv5rt.a(vex_brain.cpp.obj)
                0x0000000003805a3c                vex::brain::lcd::_clearScreen(unsigned long)
 .text._ZN3vex5brain3lcd11clearScreenERKNS_5colorE
                0x0000000003805a74       0x20 /Applications/VEXcode Pro V5.app/Contents/Resources/sdk/vexv5/libv5rt.a(vex_brain.cpp.obj)
                0x0000000003805a74                vex::brain::lcd::clearScreen(vex::color const&)
 .text._ZN3vex5brain3lcd11clearScreenEv
                0x0000000003805a94       0x2c /Applications/VEXcode Pro V5.app/Contents/Resources/sdk/vexv5/libv5rt.a(vex_brain.cpp.obj)
                0x0000000003805a94                vex::brain::lcd::clearScreen()
 .text._ZN3vex5brain3lcd9drawPixelEii
                0x0000000003805ac0       0x14 /Applications/VEXcode Pro V5.app/Contents/Resources/sdk/vexv5/libv5rt.a(vex_brain.cpp.obj)
                0x0000000003805ac0                vex::brain::lcd::drawPixel(int, int)
 .text._ZN3vex5brain3lcd8drawLineEiiii
                0x0000000003805ad4      0x2c4 /Applications/VEXcode Pro V5.app/Contents/Resources/sdk/vexv5/libv5rt.a(vex_brain.cpp.obj)
                0x0000000003805ad4                vex::brain::lcd::drawLine(int, int, int, int)
 .text._ZN3vex5brain3lcd13drawRectangleEiiii
                0x0000000003805d98       0xdc /Applications/VEXcode Pro V5.app/Contents/Resources/sdk/vexv5/libv5rt.a(vex_brain.cpp.obj)
                0x0000000003805d98                vex::brain::lcd::drawRectangle(int, int, int, int)
 .text._ZN3vex5brain3lcd10drawCircleEiii
                0x0000000003805e74       0xa4 /Applications/VEXcode Pro V5.app/Contents/Resources/sdk/vexv5/libv5rt.a(vex_brain.cpp.obj)
                0x0000000003805e74                vex::brain::lcd::drawCircle(int, int, int)
 .text._ZN3vex5brain3lcd11_drawCircleEiiim
                0x0000000003805f18       0x60 /Applications/VEXcode Pro V5.app/Contents/Resources/sdk/vexv5/libv5rt.a(vex_brain.cpp.obj)
                0x0000000003805f18                vex::brain::lcd::_drawCircle(int, int, int, unsigned long)
 .text._ZN3vex5brain3lcd10drawCircleEiiiRKNS_5colorE
                0x0000000003805f78       0x60 /Applications/VEXcode Pro V5.app/Contents/Resources/sdk/vexv5/libv5rt.a(vex_brain.cpp.obj)
                0x0000000003805f78                vex::brain::lcd::drawCircle(int, int, int, vex::color const&)
 .text._ZN3vex5brain3lcd7newLineEv
                0x0000000003805fd8       0x20 /Applications/VEXcode Pro V5.app/Contents/Resources/sdk/vexv5/libv5rt.a(vex_brain.cpp.obj)
                0x0000000003805fd8                vex::brain::lcd::newLine()
 .text._ZN3vex5brain3lcd10rowToPixelEl
                0x0000000003805ff8       0x34 /Applications/VEXcode Pro V5.app/Contents/Resources/sdk/vexv5/libv5rt.a(vex_brain.cpp.obj)
                0x0000000003805ff8                vex::brain::lcd::rowToPixel(long)
 .text._ZN3vex5brain3lcd10colToPixelEl
                0x000000000380602c       0x1c /Applications/VEXcode Pro V5.app/Contents/Resources/sdk/vexv5/libv5rt.a(vex_brain.cpp.obj)
                0x000000000380602c                vex::brain::lcd::colToPixel(long)
 .text._ZN3vex5brain3lcd5printEPKcz
                0x0000000003806048       0xa0 /Applications/VEXcode Pro V5.app/Contents/Resources/sdk/vexv5/libv5rt.a(vex_brain.cpp.obj)
                0x0000000003806048                vex::brain::lcd::print(char const*, ...)
 .text._ZN3vex5brainD2Ev
                0x00000000038060e8       0x20 /Applications/VEXcode Pro V5.app/Contents/Resources/sdk/vexv5/libv5rt.a(vex_brain.cpp.obj)
                0x00000000038060e8                vex::brain::~brain()
                0x00000000038060e8                vex::brain::~brain()
 .text._ZN3vex11competition11_autonomousEv
                0x0000000003806108       0x90 /Applications/VEXcode Pro V5.app/Contents/Resources/sdk/vexv5/libv5rt.a(vex_competition.cpp.obj)
                0x0000000003806108                vex::competition::_autonomous()
 .text._ZN3vex11competition14_drivercontrolEv
                0x0000000003806198       0x90 /Applications/VEXcode Pro V5.app/Contents/Resources/sdk/vexv5/libv5rt.a(vex_competition.cpp.obj)
                0x0000000003806198                vex::competition::_drivercontrol()
 .text._ZN3vex11competition8_disableEPv
                0x0000000003806228       0xc8 /Applications/VEXcode Pro V5.app/Contents/Resources/sdk/vexv5/libv5rt.a(vex_competition.cpp.obj)
                0x0000000003806228                vex::competition::_disable(void*)
 .text._ZN3vex11competitionC2Ev
                0x00000000038062f0      0x13c /Applications/VEXcode Pro V5.app/Contents/Resources/sdk/vexv5/libv5rt.a(vex_competition.cpp.obj)
                0x00000000038062f0                vex::competition::competition()
                0x00000000038062f0                vex::competition::competition()
 .text._ZN3vex11competitionD2Ev
                0x000000000380642c        0x4 /Applications/VEXcode Pro V5.app/Contents/Resources/sdk/vexv5/libv5rt.a(vex_competition.cpp.obj)
                0x000000000380642c                vex::competition::~competition()
                0x000000000380642c                vex::competition::~competition()
 .text._ZN3vex11competition10autonomousEPFvvE
                0x0000000003806430       0x44 /Applications/VEXcode Pro V5.app/Contents/Resources/sdk/vexv5/libv5rt.a(vex_competition.cpp.obj)
                0x0000000003806430                vex::competition::autonomous(void (*)())
 .text._ZN3vex11competition13drivercontrolEPFvvE
                0x0000000003806474       0x44 /Applications/VEXcode Pro V5.app/Contents/Resources/sdk/vexv5/libv5rt.a(vex_competition.cpp.obj)
                0x0000000003806474                vex::competition::drivercontrol(void (*)())
 .text._ZN3vex7triportD2Ev
                0x00000000038064b8       0x38 /Applications/VEXcode Pro V5.app/Contents/Resources/sdk/vexv5/libv5rt.a(vex_triport.cpp.obj)
                0x00000000038064b8                vex::triport::~triport()
                0x00000000038064b8                vex::triport::~triport()
 .text._ZN3vex7triportD0Ev
                0x00000000038064f0       0x1c /Applications/VEXcode Pro V5.app/Contents/Resources/sdk/vexv5/libv5rt.a(vex_triport.cpp.obj)
                0x00000000038064f0                vex::triport::~triport()
 .text._ZN3vex7triport9installedEv
                0x000000000380650c       0x18 /Applications/VEXcode Pro V5.app/Contents/Resources/sdk/vexv5/libv5rt.a(vex_triport.cpp.obj)
                0x000000000380650c                vex::triport::installed()
 .text._ZN3vex7triport4portC2ElPS0_
                0x0000000003806524       0x74 /Applications/VEXcode Pro V5.app/Contents/Resources/sdk/vexv5/libv5rt.a(vex_triport.cpp.obj)
                0x0000000003806524                vex::triport::port::port(long, vex::triport*)
                0x0000000003806524                vex::triport::port::port(long, vex::triport*)
 .text._ZN3vex7triportC2El
                0x0000000003806598       0xf0 /Applications/VEXcode Pro V5.app/Contents/Resources/sdk/vexv5/libv5rt.a(vex_triport.cpp.obj)
                0x0000000003806598                vex::triport::triport(long)
                0x0000000003806598                vex::triport::triport(long)
 .text._ZN3vex7triport4port4typeENS_11triportTypeE
                0x0000000003806688       0x30 /Applications/VEXcode Pro V5.app/Contents/Resources/sdk/vexv5/libv5rt.a(vex_triport.cpp.obj)
                0x0000000003806688                vex::triport::port::type(vex::triportType)
 .text._ZN3vex7triport4port4typeEv
                0x00000000038066b8       0x38 /Applications/VEXcode Pro V5.app/Contents/Resources/sdk/vexv5/libv5rt.a(vex_triport.cpp.obj)
                0x00000000038066b8                vex::triport::port::type()
 .text._ZN3vex7triport4port5valueEv
                0x00000000038066f0       0x14 /Applications/VEXcode Pro V5.app/Contents/Resources/sdk/vexv5/libv5rt.a(vex_triport.cpp.obj)
                0x00000000038066f0                vex::triport::port::value()
 .text._ZN3vex7triport4port7pressedEPFvvE
                0x0000000003806704       0x20 /Applications/VEXcode Pro V5.app/Contents/Resources/sdk/vexv5/libv5rt.a(vex_triport.cpp.obj)
                0x0000000003806704                vex::triport::port::pressed(void (*)())
 .text._ZN3vex7triport4port8releasedEPFvvE
                0x0000000003806724       0x24 /Applications/VEXcode Pro V5.app/Contents/Resources/sdk/vexv5/libv5rt.a(vex_triport.cpp.obj)
                0x0000000003806724                vex::triport::port::released(void (*)())
 .text._ZN3vex7triport4port8distanceENS_13distanceUnitsE
                0x0000000003806748       0x60 /Applications/VEXcode Pro V5.app/Contents/Resources/sdk/vexv5/libv5rt.a(vex_triport.cpp.obj)
                0x0000000003806748                vex::triport::port::distance(vex::distanceUnits)
 .text._ZN3vex11__trideviceC2ERNS_7triport4portENS_11triportTypeE
                0x00000000038067a8       0x5c /Applications/VEXcode Pro V5.app/Contents/Resources/sdk/vexv5/libv5rt.a(vex_triport.cpp.obj)
                0x00000000038067a8                vex::__tridevice::__tridevice(vex::triport::port&, vex::triportType)
                0x00000000038067a8                vex::__tridevice::__tridevice(vex::triport::port&, vex::triportType)
 .text._ZN3vex5limitC2ERNS_7triport4portE
                0x0000000003806804       0x28 /Applications/VEXcode Pro V5.app/Contents/Resources/sdk/vexv5/libv5rt.a(vex_triport.cpp.obj)
                0x0000000003806804                vex::limit::limit(vex::triport::port&)
                0x0000000003806804                vex::limit::limit(vex::triport::port&)
 .text._ZN3vex5limitD2Ev
                0x000000000380682c        0x4 /Applications/VEXcode Pro V5.app/Contents/Resources/sdk/vexv5/libv5rt.a(vex_triport.cpp.obj)
                0x000000000380682c                vex::limit::~limit()
                0x000000000380682c                vex::limit::~limit()
 .text._ZN3vex5limit5valueEv
                0x0000000003806830        0x8 /Applications/VEXcode Pro V5.app/Contents/Resources/sdk/vexv5/libv5rt.a(vex_triport.cpp.obj)
                0x0000000003806830                vex::limit::value()
 .text._ZN3vex5limit7pressedEPFvvE
                0x0000000003806838        0x8 /Applications/VEXcode Pro V5.app/Contents/Resources/sdk/vexv5/libv5rt.a(vex_triport.cpp.obj)
                0x0000000003806838                vex::limit::pressed(void (*)())
 .text._ZN3vex5limit8releasedEPFvvE
                0x0000000003806840        0x8 /Applications/VEXcode Pro V5.app/Contents/Resources/sdk/vexv5/libv5rt.a(vex_triport.cpp.obj)
                0x0000000003806840                vex::limit::released(void (*)())
 .text._ZN3vex5sonarC2ERNS_7triport4portE
                0x0000000003806848       0x30 /Applications/VEXcode Pro V5.app/Contents/Resources/sdk/vexv5/libv5rt.a(vex_triport.cpp.obj)
                0x0000000003806848                vex::sonar::sonar(vex::triport::port&)
                0x0000000003806848                vex::sonar::sonar(vex::triport::port&)
 .text._ZN3vex5sonarD2Ev
                0x0000000003806878        0x4 /Applications/VEXcode Pro V5.app/Contents/Resources/sdk/vexv5/libv5rt.a(vex_triport.cpp.obj)
                0x0000000003806878                vex::sonar::~sonar()
                0x0000000003806878                vex::sonar::~sonar()
 .text._ZN3vex5sonar8distanceENS_13distanceUnitsE
                0x000000000380687c        0x8 /Applications/VEXcode Pro V5.app/Contents/Resources/sdk/vexv5/libv5rt.a(vex_triport.cpp.obj)
                0x000000000380687c                vex::sonar::distance(vex::distanceUnits)
 .text.startup._GLOBAL__sub_I__ZN3vex7triportC2El
                0x0000000003806884       0x30 /Applications/VEXcode Pro V5.app/Contents/Resources/sdk/vexv5/libv5rt.a(vex_triport.cpp.obj)
 .text._ZN3vex5colorD2Ev
                0x00000000038068b4        0x4 /Applications/VEXcode Pro V5.app/Contents/Resources/sdk/vexv5/libv5rt.a(vex_color.cpp.obj)
                0x00000000038068b4                vex::color::~color()
                0x00000000038068b4                vex::color::~color()
 .text._ZNK3vex5colorcvmEv
                0x00000000038068b8        0x8 /Applications/VEXcode Pro V5.app/Contents/Resources/sdk/vexv5/libv5rt.a(vex_color.cpp.obj)
                0x00000000038068b8                vex::color::operator unsigned long() const
 .text._ZNK3vex5color13isTransparentEv
                0x00000000038068c0        0x8 /Applications/VEXcode Pro V5.app/Contents/Resources/sdk/vexv5/libv5rt.a(vex_color.cpp.obj)
                0x00000000038068c0                vex::color::isTransparent() const
 .text.startup._GLOBAL__sub_I__ZN3vex5color5blackE
                0x00000000038068c8      0x164 /Applications/VEXcode Pro V5.app/Contents/Resources/sdk/vexv5/libv5rt.a(vex_color.cpp.obj)
 .text._ZN3vex5timerD2Ev
                0x0000000003806a2c        0x4 /Applications/VEXcode Pro V5.app/Contents/Resources/sdk/vexv5/libv5rt.a(vex_timer.cpp.obj)
                0x0000000003806a2c                vex::timer::~timer()
                0x0000000003806a2c                vex::timer::~timer()
 .text._ZN3vex5timer5clearEv
                0x0000000003806a30       0x1c /Applications/VEXcode Pro V5.app/Contents/Resources/sdk/vexv5/libv5rt.a(vex_timer.cpp.obj)
                0x0000000003806a30                vex::timer::clear()
 .text._ZN3vex5timerC2Ev
                0x0000000003806a4c       0x14 /Applications/VEXcode Pro V5.app/Contents/Resources/sdk/vexv5/libv5rt.a(vex_timer.cpp.obj)
                0x0000000003806a4c                vex::timer::timer()
                0x0000000003806a4c                vex::timer::timer()
 .text._ZNK3vex5timer4timeENS_9timeUnitsE
                0x0000000003806a60       0x40 /Applications/VEXcode Pro V5.app/Contents/Resources/sdk/vexv5/libv5rt.a(vex_timer.cpp.obj)
                0x0000000003806a60                vex::timer::time(vex::timeUnits) const
 .text._ZNK3vex5timer5valueEv
                0x0000000003806aa0        0x8 /Applications/VEXcode Pro V5.app/Contents/Resources/sdk/vexv5/libv5rt.a(vex_timer.cpp.obj)
                0x0000000003806aa0                vex::timer::value() const
 .text.vexAdiPortConfigSet
                0x0000000003806aa8       0x28 /Applications/VEXcode Pro V5.app/Contents/Resources/sdk/vexv5/libv5rt.a(v5_apiuser.c.obj)
                0x0000000003806aa8                vexAdiPortConfigSet
 .text.vexAdiPortConfigGet
                0x0000000003806ad0       0x28 /Applications/VEXcode Pro V5.app/Contents/Resources/sdk/vexv5/libv5rt.a(v5_apiuser.c.obj)
                0x0000000003806ad0                vexAdiPortConfigGet
 .text.vexAdiValueGet
                0x0000000003806af8       0x20 /Applications/VEXcode Pro V5.app/Contents/Resources/sdk/vexv5/libv5rt.a(v5_apiuser.c.obj)
                0x0000000003806af8                vexAdiValueGet
 .text.vexMotorVelocitySet
                0x0000000003806b18       0x20 /Applications/VEXcode Pro V5.app/Contents/Resources/sdk/vexv5/libv5rt.a(v5_apiuser.c.obj)
                0x0000000003806b18                vexMotorVelocitySet
 .text.vexMotorActualVelocityGet
                0x0000000003806b38       0x24 /Applications/VEXcode Pro V5.app/Contents/Resources/sdk/vexv5/libv5rt.a(v5_apiuser.c.obj)
                0x0000000003806b38                vexMotorActualVelocityGet
 .text.vexMotorTorqueGet
                0x0000000003806b5c       0x24 /Applications/VEXcode Pro V5.app/Contents/Resources/sdk/vexv5/libv5rt.a(v5_apiuser.c.obj)
                0x0000000003806b5c                vexMotorTorqueGet
 .text.vexMotorZeroPositionFlagGet
                0x0000000003806b80       0x18 /Applications/VEXcode Pro V5.app/Contents/Resources/sdk/vexv5/libv5rt.a(v5_apiuser.c.obj)
                0x0000000003806b80                vexMotorZeroPositionFlagGet
 .text.vexMotorReverseFlagSet
                0x0000000003806b98       0x20 /Applications/VEXcode Pro V5.app/Contents/Resources/sdk/vexv5/libv5rt.a(v5_apiuser.c.obj)
                0x0000000003806b98                vexMotorReverseFlagSet
 .text.vexMotorEncoderUnitsSet
                0x0000000003806bb8       0x20 /Applications/VEXcode Pro V5.app/Contents/Resources/sdk/vexv5/libv5rt.a(v5_apiuser.c.obj)
                0x0000000003806bb8                vexMotorEncoderUnitsSet
 .text.vexMotorBrakeModeSet
                0x0000000003806bd8       0x20 /Applications/VEXcode Pro V5.app/Contents/Resources/sdk/vexv5/libv5rt.a(v5_apiuser.c.obj)
                0x0000000003806bd8                vexMotorBrakeModeSet
 .text.vexMotorPositionSet
                0x0000000003806bf8       0x28 /Applications/VEXcode Pro V5.app/Contents/Resources/sdk/vexv5/libv5rt.a(v5_apiuser.c.obj)
                0x0000000003806bf8                vexMotorPositionSet
 .text.vexMotorAbsoluteTargetSet
                0x0000000003806c20       0x30 /Applications/VEXcode Pro V5.app/Contents/Resources/sdk/vexv5/libv5rt.a(v5_apiuser.c.obj)
                0x0000000003806c20                vexMotorAbsoluteTargetSet
 .text.vexMotorRelativeTargetSet
                0x0000000003806c50       0x30 /Applications/VEXcode Pro V5.app/Contents/Resources/sdk/vexv5/libv5rt.a(v5_apiuser.c.obj)
                0x0000000003806c50                vexMotorRelativeTargetSet
 .text.vexMotorGearingSet
                0x0000000003806c80       0x20 /Applications/VEXcode Pro V5.app/Contents/Resources/sdk/vexv5/libv5rt.a(v5_apiuser.c.obj)
                0x0000000003806c80                vexMotorGearingSet
 .text.vexMotorGearingGet
                0x0000000003806ca0       0x18 /Applications/VEXcode Pro V5.app/Contents/Resources/sdk/vexv5/libv5rt.a(v5_apiuser.c.obj)
                0x0000000003806ca0                vexMotorGearingGet
 .text.vexVisionModeSet
                0x0000000003806cb8       0x20 /Applications/VEXcode Pro V5.app/Contents/Resources/sdk/vexv5/libv5rt.a(v5_apiuser.c.obj)
                0x0000000003806cb8                vexVisionModeSet
 .text.vexVisionObjectCountGet
                0x0000000003806cd8       0x18 /Applications/VEXcode Pro V5.app/Contents/Resources/sdk/vexv5/libv5rt.a(v5_apiuser.c.obj)
                0x0000000003806cd8                vexVisionObjectCountGet
 .text.vexVisionObjectGet
                0x0000000003806cf0       0x28 /Applications/VEXcode Pro V5.app/Contents/Resources/sdk/vexv5/libv5rt.a(v5_apiuser.c.obj)
                0x0000000003806cf0                vexVisionObjectGet
 .text.vexVisionSignatureSet
                0x0000000003806d18       0x20 /Applications/VEXcode Pro V5.app/Contents/Resources/sdk/vexv5/libv5rt.a(v5_apiuser.c.obj)
                0x0000000003806d18                vexVisionSignatureSet
 .text.vexVisionBrightnessSet
                0x0000000003806d38       0x20 /Applications/VEXcode Pro V5.app/Contents/Resources/sdk/vexv5/libv5rt.a(v5_apiuser.c.obj)
                0x0000000003806d38                vexVisionBrightnessSet
 .text.vexVisionLedModeSet
                0x0000000003806d58       0x20 /Applications/VEXcode Pro V5.app/Contents/Resources/sdk/vexv5/libv5rt.a(v5_apiuser.c.obj)
                0x0000000003806d58                vexVisionLedModeSet
 .text.vexVisionLedColorSet
                0x0000000003806d78       0x2c /Applications/VEXcode Pro V5.app/Contents/Resources/sdk/vexv5/libv5rt.a(v5_apiuser.c.obj)
                0x0000000003806d78                vexVisionLedColorSet
 .text.vexImuReset
                0x0000000003806da4       0x10 /Applications/VEXcode Pro V5.app/Contents/Resources/sdk/vexv5/libv5rt.a(v5_apiuser.c.obj)
                0x0000000003806da4                vexImuReset
 .text.vexImuHeadingGet
                0x0000000003806db4       0x10 /Applications/VEXcode Pro V5.app/Contents/Resources/sdk/vexv5/libv5rt.a(v5_apiuser.c.obj)
                0x0000000003806db4                vexImuHeadingGet
 .text.vexImuDegreesGet
                0x0000000003806dc4       0x10 /Applications/VEXcode Pro V5.app/Contents/Resources/sdk/vexv5/libv5rt.a(v5_apiuser.c.obj)
                0x0000000003806dc4                vexImuDegreesGet
 .text.vexImuStatusGet
                0x0000000003806dd4       0x10 /Applications/VEXcode Pro V5.app/Contents/Resources/sdk/vexv5/libv5rt.a(v5_apiuser.c.obj)
                0x0000000003806dd4                vexImuStatusGet
 .text.vexDistanceDistanceGet
                0x0000000003806de4       0x10 /Applications/VEXcode Pro V5.app/Contents/Resources/sdk/vexv5/libv5rt.a(v5_apiuser.c.obj)
                0x0000000003806de4                vexDistanceDistanceGet
 .text.vexEventMaskSet
                0x0000000003806df4       0x28 /Applications/VEXcode Pro V5.app/Contents/Resources/sdk/vexv5/libv5rt.a(v5_apiuser.c.obj)
                0x0000000003806df4                vexEventMaskSet
 .text.vexEventMaskGet
                0x0000000003806e1c       0x18 /Applications/VEXcode Pro V5.app/Contents/Resources/sdk/vexv5/libv5rt.a(v5_apiuser.c.obj)
                0x0000000003806e1c                vexEventMaskGet
 .text._ZN3vex6deviceD2Ev
                0x0000000003806e34        0x4 /Applications/VEXcode Pro V5.app/Contents/Resources/sdk/vexv5/libv5rt.a(vex_device.cpp.obj)
                0x0000000003806e34                vex::device::~device()
                0x0000000003806e34                vex::device::~device()
 .text._ZN3vex6device5valueEv
                0x0000000003806e38        0x8 /Applications/VEXcode Pro V5.app/Contents/Resources/sdk/vexv5/libv5rt.a(vex_device.cpp.obj)
                0x0000000003806e38                vex::device::value()
 .text._ZN3vex6deviceD0Ev
                0x0000000003806e40       0x14 /Applications/VEXcode Pro V5.app/Contents/Resources/sdk/vexv5/libv5rt.a(vex_device.cpp.obj)
                0x0000000003806e40                vex::device::~device()
 .text._ZN3vex6device4initEl
                0x0000000003806e54       0x30 /Applications/VEXcode Pro V5.app/Contents/Resources/sdk/vexv5/libv5rt.a(vex_device.cpp.obj)
                0x0000000003806e54                vex::device::init(long)
 .text._ZN3vex6deviceC2El
                0x0000000003806e84       0x20 /Applications/VEXcode Pro V5.app/Contents/Resources/sdk/vexv5/libv5rt.a(vex_device.cpp.obj)
                0x0000000003806e84                vex::device::device(long)
                0x0000000003806e84                vex::device::device(long)
 .text._ZN3vex6device4typeEv
                0x0000000003806ea4       0x10 /Applications/VEXcode Pro V5.app/Contents/Resources/sdk/vexv5/libv5rt.a(vex_device.cpp.obj)
                0x0000000003806ea4                vex::device::type()
 .text._ZN3vex6device9installedEv
                0x0000000003806eb4       0x14 /Applications/VEXcode Pro V5.app/Contents/Resources/sdk/vexv5/libv5rt.a(vex_device.cpp.obj)
                0x0000000003806eb4                vex::device::installed()
 .text.__aeabi_memcpy
                0x0000000003806ec8        0x4 /Applications/VEXcode Pro V5.app/Contents/Resources/sdk/vexv5/gcc/libs/libc.a(lib_a-aeabi_memcpy.o)
                0x0000000003806ec8                __aeabi_memcpy4
                0x0000000003806ec8                __aeabi_memcpy
                0x0000000003806ec8                __aeabi_memcpy8
 .text.__libc_fini_array
                0x0000000003806ecc       0x30 /Applications/VEXcode Pro V5.app/Contents/Resources/sdk/vexv5/gcc/libs/libc.a(lib_a-fini.o)
                0x0000000003806ecc                __libc_fini_array
 .text.__libc_init_array
                0x0000000003806efc       0x58 /Applications/VEXcode Pro V5.app/Contents/Resources/sdk/vexv5/gcc/libs/libc.a(lib_a-init.o)
                0x0000000003806efc                __libc_init_array
 .text.memcpy   0x0000000003806f54       0xa8 /Applications/VEXcode Pro V5.app/Contents/Resources/sdk/vexv5/gcc/libs/libc.a(lib_a-memcpy.o)
                0x0000000003806f54                memcpy
 .text.roundf   0x0000000003806ffc       0x68 /Applications/VEXcode Pro V5.app/Contents/Resources/sdk/vexv5/gcc/libs/libm.a(lib_a-sf_round.o)
                0x0000000003806ffc                roundf
 *fill*         0x0000000003807064        0x4 
 .text.roundf.__stub
                0x0000000003807068       0x18 linker stubs
 *(.gnu.linkonce.t.*)
 *(.plt)
 *(.gnu_warning)
 *(.gcc_except_table)
 *(.glue_7)
 .glue_7        0x0000000003807080        0x0 linker stubs
 *(.glue_7t)
 .glue_7t       0x0000000003807080        0x0 linker stubs
 *(.vfp11_veneer)
 .vfp11_veneer  0x0000000003807080        0x0 linker stubs
 *(.ARM.extab)
 *(.gnu.linkonce.armextab.*)

.v4_bx          0x0000000003807080        0x0
 .v4_bx         0x0000000003807080        0x0 linker stubs

.iplt           0x0000000003807080        0x0
 .iplt          0x0000000003807080        0x0 build/src/autonomous.o

.init
 *(.init)

.fini
 *(.fini)

.rodata         0x0000000003807080      0x64c
                0x0000000003807080                __rodata_start = .
 *(.rodata)
 *(.rodata.*)
 .rodata.str1.1
                0x0000000003807080        0xe build/src/autonomous.o
 .rodata.str1.1
                0x000000000380708e      0x37e build/src/helperfunctions.o
                                        0x3a2 (size before relaxing)
 .rodata.str1.1
                0x000000000380740c       0x5c build/src/main.o
 .rodata.str1.1
                0x0000000003807468       0x6e build/src/robot-config.o
 .rodata.str1.1
                0x00000000038074d6        0x9 build/src/usercontrol.o
 .rodata.str1.1
                0x00000000038074d6       0x2e /Applications/VEXcode Pro V5.app/Contents/Resources/sdk/vexv5/libv5rt.a(v5_startup.c.obj)
 .rodata._ZN3vex5PORT3E
                0x0000000003807504        0x4 /Applications/VEXcode Pro V5.app/Contents/Resources/sdk/vexv5/libv5rt.a(vex_global.cpp.obj)
                0x0000000003807504                vex::PORT3
 .rodata._ZN3vex6PORT10E
                0x0000000003807508        0x4 /Applications/VEXcode Pro V5.app/Contents/Resources/sdk/vexv5/libv5rt.a(vex_global.cpp.obj)
                0x0000000003807508                vex::PORT10
 .rodata._ZN3vex4msecE
                0x000000000380750c        0x4 /Applications/VEXcode Pro V5.app/Contents/Resources/sdk/vexv5/libv5rt.a(vex_global.cpp.obj)
                0x000000000380750c                vex::msec
 .rodata._ZN3vex5PORT9E
                0x0000000003807510        0x4 /Applications/VEXcode Pro V5.app/Contents/Resources/sdk/vexv5/libv5rt.a(vex_global.cpp.obj)
                0x0000000003807510                vex::PORT9
 .rodata._ZN3vex5PORT2E
                0x0000000003807514        0x4 /Applications/VEXcode Pro V5.app/Contents/Resources/sdk/vexv5/libv5rt.a(vex_global.cpp.obj)
                0x0000000003807514                vex::PORT2
 .rodata._ZN3vex6PORT11E
                0x0000000003807518        0x4 /Applications/VEXcode Pro V5.app/Contents/Resources/sdk/vexv5/libv5rt.a(vex_global.cpp.obj)
                0x0000000003807518                vex::PORT11
 .rodata._ZN3vex5PORT6E
                0x000000000380751c        0x4 /Applications/VEXcode Pro V5.app/Contents/Resources/sdk/vexv5/libv5rt.a(vex_global.cpp.obj)
                0x000000000380751c                vex::PORT6
 .rodata._ZN3vex6PORT15E
                0x0000000003807520        0x4 /Applications/VEXcode Pro V5.app/Contents/Resources/sdk/vexv5/libv5rt.a(vex_global.cpp.obj)
                0x0000000003807520                vex::PORT15
 .rodata._ZN3vex6PORT22E
                0x0000000003807524        0x4 /Applications/VEXcode Pro V5.app/Contents/Resources/sdk/vexv5/libv5rt.a(vex_global.cpp.obj)
                0x0000000003807524                vex::PORT22
 .rodata._ZN3vex6PORT12E
                0x0000000003807528        0x4 /Applications/VEXcode Pro V5.app/Contents/Resources/sdk/vexv5/libv5rt.a(vex_global.cpp.obj)
                0x0000000003807528                vex::PORT12
 .rodata._ZN3vex5PORT7E
                0x000000000380752c        0x4 /Applications/VEXcode Pro V5.app/Contents/Resources/sdk/vexv5/libv5rt.a(vex_global.cpp.obj)
                0x000000000380752c                vex::PORT7
 .rodata._ZN3vex6PORT16E
                0x0000000003807530        0x4 /Applications/VEXcode Pro V5.app/Contents/Resources/sdk/vexv5/libv5rt.a(vex_global.cpp.obj)
                0x0000000003807530                vex::PORT16
 .rodata._ZN3vex5PORT4E
                0x0000000003807534        0x4 /Applications/VEXcode Pro V5.app/Contents/Resources/sdk/vexv5/libv5rt.a(vex_global.cpp.obj)
                0x0000000003807534                vex::PORT4
 .rodata._ZN3vex6PORT13E
                0x0000000003807538        0x4 /Applications/VEXcode Pro V5.app/Contents/Resources/sdk/vexv5/libv5rt.a(vex_global.cpp.obj)
                0x0000000003807538                vex::PORT13
 .rodata._ZN3vex5PORT8E
                0x000000000380753c        0x4 /Applications/VEXcode Pro V5.app/Contents/Resources/sdk/vexv5/libv5rt.a(vex_global.cpp.obj)
                0x000000000380753c                vex::PORT8
 .rodata._ZTVN3vex5motorE
                0x0000000003807540       0x18 /Applications/VEXcode Pro V5.app/Contents/Resources/sdk/vexv5/libv5rt.a(vex_motor.cpp.obj)
                0x0000000003807540                vtable for vex::motor
 .rodata._ZTVN3vex6visionE
                0x0000000003807558       0x18 /Applications/VEXcode Pro V5.app/Contents/Resources/sdk/vexv5/libv5rt.a(vex_vision.cpp.obj)
                0x0000000003807558                vtable for vex::vision
 .rodata._ZTVN3vex8inertialE
                0x0000000003807570       0x60 /Applications/VEXcode Pro V5.app/Contents/Resources/sdk/vexv5/libv5rt.a(vex_imu.cpp.obj)
                0x0000000003807570                vtable for vex::inertial
 .rodata._ZTVN3vex8distanceE
                0x00000000038075d0       0x18 /Applications/VEXcode Pro V5.app/Contents/Resources/sdk/vexv5/libv5rt.a(vex_distance.cpp.obj)
                0x00000000038075d0                vtable for vex::distance
 .rodata.str1.1
                0x00000000038075e8       0x1f /Applications/VEXcode Pro V5.app/Contents/Resources/sdk/vexv5/libv5rt.a(vex_controller.cpp.obj)
                                         0x20 (size before relaxing)
 .rodata.CSWTCH.16
                0x0000000003807607        0xb /Applications/VEXcode Pro V5.app/Contents/Resources/sdk/vexv5/libv5rt.a(vex_controller.cpp.obj)
 .rodata.CSWTCH.18
                0x0000000003807612        0xb /Applications/VEXcode Pro V5.app/Contents/Resources/sdk/vexv5/libv5rt.a(vex_controller.cpp.obj)
 .rodata.CSWTCH.24
                0x000000000380761d        0x3 /Applications/VEXcode Pro V5.app/Contents/Resources/sdk/vexv5/libv5rt.a(vex_controller.cpp.obj)
 .rodata.str1.1
                0x0000000003807620       0x14 /Applications/VEXcode Pro V5.app/Contents/Resources/sdk/vexv5/libv5rt.a(vex_task.cpp.obj)
 .rodata.str1.1
                0x0000000003807634       0x14 /Applications/VEXcode Pro V5.app/Contents/Resources/sdk/vexv5/libv5rt.a(vex_thread.cpp.obj)
 .rodata.str1.1
                0x0000000003807648       0x2b /Applications/VEXcode Pro V5.app/Contents/Resources/sdk/vexv5/libv5rt.a(vex_brain.cpp.obj)
                                         0x2d (size before relaxing)
 .rodata.CSWTCH.36
                0x0000000003807673       0x10 /Applications/VEXcode Pro V5.app/Contents/Resources/sdk/vexv5/libv5rt.a(vex_triport.cpp.obj)
 *fill*         0x0000000003807683        0x5 
 .rodata._ZTVN3vex7triportE
                0x0000000003807688       0x18 /Applications/VEXcode Pro V5.app/Contents/Resources/sdk/vexv5/libv5rt.a(vex_triport.cpp.obj)
                0x0000000003807688                vtable for vex::triport
 .rodata.CSWTCH.31
                0x00000000038076a0        0xe /Applications/VEXcode Pro V5.app/Contents/Resources/sdk/vexv5/libv5rt.a(vex_triport.cpp.obj)
 *fill*         0x00000000038076ae        0x2 
 .rodata._ZTVN3vex6deviceE
                0x00000000038076b0       0x18 /Applications/VEXcode Pro V5.app/Contents/Resources/sdk/vexv5/libv5rt.a(vex_device.cpp.obj)
                0x00000000038076b0                vtable for vex::device
 .rodata.str1.4
                0x00000000038076c8        0x4 /Applications/VEXcode Pro V5.app/Contents/Resources/sdk/vexv5/gcc/libs/libc.a(lib_a-impure.o)
                                          0x2 (size before relaxing)
 *(.gnu.linkonce.r.*)
                0x00000000038076cc                __rodata_end = .

.rodata1        0x00000000038076cc        0x0
                0x00000000038076cc                __rodata1_start = .
 *(.rodata1)
 *(.rodata1.*)
                0x00000000038076cc                __rodata1_end = .

.sdata2         0x00000000038076cc        0x0
                0x00000000038076cc                __sdata2_start = .
 *(.sdata2)
 *(.sdata2.*)
 *(.gnu.linkonce.s2.*)
                0x00000000038076cc                __sdata2_end = .

.sbss2          0x00000000038076cc        0x0
                0x00000000038076cc                __sbss2_start = .
 *(.sbss2)
 *(.sbss2.*)
 *(.gnu.linkonce.sb2.*)
                0x00000000038076cc                __sbss2_end = .

.data           0x00000000038076d0      0x43c
                0x00000000038076d0                __data_start = .
 *(.data)